Component: ARM Compiler 5.06 update 6 (build 750) Tool: armlink [4d35ed]

==============================================================================

Section Cross References

    main.o(i.Configuration) refers to recepteurrf.o(i.recepteurRFConf) for recepteurRFConf
    main.o(i.Configuration) refers to moteurcc.o(i.moteurccConf) for moteurccConf
    main.o(i.Configuration) refers to accelero.o(i.confAccelero) for confAccelero
    main.o(i.Configuration) refers to communication.o(i.configure_uart) for configure_uart
    main.o(i.Configuration) refers to batterie.o(i.configure_gpio_pc2_analog_input) for configure_gpio_pc2_analog_input
    main.o(i.Configuration) refers to voile.o(i.config_gpio_pb) for config_gpio_pb
    main.o(i.Configuration) refers to batterie.o(i.configure_adc_in12) for configure_adc_in12
    main.o(i.Configuration) refers to girouette.o(i.Config_Timer_Girouette) for Config_Timer_Girouette
    main.o(i.Configuration) refers to girouette.o(i.Config_gpio_girouette) for Config_gpio_girouette
    main.o(i.Configuration) refers to girouette.o(i.start_timer_Girouette) for start_timer_Girouette
    main.o(i.Configuration) refers to voile.o(i.PWM_output_init) for PWM_output_init
    main.o(i.Configuration) refers to chrono.o(i.Chrono_Conf) for Chrono_Conf
    main.o(i.Configuration) refers to main.o(i.fonction_int) for fonction_int
    main.o(i.SystemClock_Config) refers to stm32f1xx_ll_utils.o(i.LL_Init1msTick) for LL_Init1msTick
    main.o(i.SystemClock_Config) refers to stm32f1xx_ll_utils.o(i.LL_SetSystemCoreClock) for LL_SetSystemCoreClock
    main.o(i.fonction_int) refers to voile.o(i.calcul) for calcul
    main.o(i.fonction_int) refers to voile.o(i.Tendre_voile) for Tendre_voile
    main.o(i.fonction_int) refers to recepteurrf.o(i.getSens) for getSens
    main.o(i.fonction_int) refers to recepteurrf.o(i.getPWMmoteur) for getPWMmoteur
    main.o(i.fonction_int) refers to moteurcc.o(i.tournerTable) for tournerTable
    main.o(i.main) refers to main.o(i.SystemClock_Config) for SystemClock_Config
    main.o(i.main) refers to main.o(i.Configuration) for Configuration
    main.o(i.main) refers to communication.o(i.send_battery) for send_battery
    chrono.o(i.Chrono_Conf) refers to mytimer.o(i.MyTimer_Conf) for MyTimer_Conf
    chrono.o(i.Chrono_Conf) refers to mytimer.o(i.MyTimer_IT_Conf) for MyTimer_IT_Conf
    chrono.o(i.Chrono_Conf) refers to mytimer.o(i.MyTimer_IT_Enable) for MyTimer_IT_Enable
    chrono.o(i.Chrono_Conf) refers to mytimer.o(i.MyTimer_Start) for MyTimer_Start
    chrono.o(i.Chrono_Conf) refers to chrono.o(.data) for Chrono_Time
    chrono.o(i.Chrono_Read) refers to chrono.o(.data) for Chrono_Time
    chrono.o(i.Chrono_Reset) refers to mytimer.o(i.MyTimer_Stop) for MyTimer_Stop
    chrono.o(i.Chrono_Reset) refers to chrono.o(.data) for Chrono_Timer
    chrono.o(i.Chrono_Start) refers to mytimer.o(i.MyTimer_Start) for MyTimer_Start
    chrono.o(i.Chrono_Start) refers to chrono.o(.data) for Chrono_Timer
    chrono.o(i.Chrono_Stop) refers to mytimer.o(i.MyTimer_Stop) for MyTimer_Stop
    chrono.o(i.Chrono_Stop) refers to chrono.o(.data) for Chrono_Timer
    chrono.o(i.Chrono_Task_10ms) refers to chrono.o(.data) for Chrono_Time
    mytimer.o(i.MyTimer_Conf) refers to mytimer.o(i.LL_APB1_GRP1_EnableClock) for LL_APB1_GRP1_EnableClock
    mytimer.o(i.MyTimer_Conf) refers to stm32f1xx_ll_tim.o(i.LL_TIM_Init) for LL_TIM_Init
    mytimer.o(i.MyTimer_Conf) refers to mytimer.o(i.LL_TIM_DisableIT_UPDATE) for LL_TIM_DisableIT_UPDATE
    mytimer.o(i.MyTimer_Conf) refers to mytimer.o(i.LL_TIM_DisableCounter) for LL_TIM_DisableCounter
    mytimer.o(i.MyTimer_IT_Conf) refers to mytimer.o(i.LL_TIM_DisableIT_UPDATE) for LL_TIM_DisableIT_UPDATE
    mytimer.o(i.MyTimer_IT_Conf) refers to mytimer.o(.data) for Ptr_ItFct_TIM1
    mytimer.o(i.MyTimer_IT_Disable) refers to mytimer.o(i.LL_TIM_DisableIT_UPDATE) for LL_TIM_DisableIT_UPDATE
    mytimer.o(i.MyTimer_Stop) refers to mytimer.o(i.LL_TIM_DisableCounter) for LL_TIM_DisableCounter
    mytimer.o(i.TIM1_UP_IRQHandler) refers to mytimer.o(i.LL_TIM_ClearFlag_UPDATE) for LL_TIM_ClearFlag_UPDATE
    mytimer.o(i.TIM1_UP_IRQHandler) refers to mytimer.o(.data) for Ptr_ItFct_TIM1
    mytimer.o(i.TIM2_IRQHandler) refers to mytimer.o(i.LL_TIM_ClearFlag_UPDATE) for LL_TIM_ClearFlag_UPDATE
    mytimer.o(i.TIM2_IRQHandler) refers to mytimer.o(.data) for Ptr_ItFct_TIM2
    mytimer.o(i.TIM3_IRQHandler) refers to mytimer.o(i.LL_TIM_ClearFlag_UPDATE) for LL_TIM_ClearFlag_UPDATE
    mytimer.o(i.TIM3_IRQHandler) refers to mytimer.o(.data) for Ptr_ItFct_TIM3
    mytimer.o(i.TIM4_IRQHandler) refers to mytimer.o(i.LL_TIM_ClearFlag_UPDATE) for LL_TIM_ClearFlag_UPDATE
    mytimer.o(i.TIM4_IRQHandler) refers to mytimer.o(.data) for Ptr_ItFct_TIM4
    stm32f1xx_ll_rcc.o(i.LL_RCC_DeInit) refers to stm32f1xx_ll_rcc.o(i.LL_RCC_PLL_IsReady) for LL_RCC_PLL_IsReady
    stm32f1xx_ll_rcc.o(i.LL_RCC_GetADCClockFreq) refers to main.o(i.assert_failed) for assert_failed
[...]
    recepteurrf.o(i.getAlpha) refers to fflti.o(.text) for __aeabi_i2f
    recepteurrf.o(i.getAlpha) refers to fdiv.o(.text) for __aeabi_fdiv
    recepteurrf.o(i.getAlpha) refers to fmul.o(.text) for __aeabi_fmul
    recepteurrf.o(i.getPWMmoteur) refers to recepteurrf.o(i.getAlpha) for getAlpha
    recepteurrf.o(i.getPWMmoteur) refers to ffixi.o(.text) for __aeabi_f2iz
    recepteurrf.o(i.getPWMmoteur) refers to dflti.o(.text) for __aeabi_i2d
    recepteurrf.o(i.getPWMmoteur) refers to cdrcmple.o(.text) for __aeabi_cdrcmple
    recepteurrf.o(i.getPWMmoteur) refers to cdcmple.o(.text) for __aeabi_cdcmple
    recepteurrf.o(i.getSens) refers to recepteurrf.o(i.getAlpha) for getAlpha
    recepteurrf.o(i.getSens) refers to f2d.o(.text) for __aeabi_f2d
    recepteurrf.o(i.getSens) refers to cdrcmple.o(.text) for __aeabi_cdrcmple
    recepteurrf.o(i.getSens) refers to cdcmple.o(.text) for __aeabi_cdcmple
    recepteurrf.o(i.recepteurRFConf) refers to mytimer.o(i.MyTimer_Conf) for MyTimer_Conf
    moteurcc.o(i.moteurccConf) refers to mytimer.o(i.MyTimer_Conf) for MyTimer_Conf
    accelero.o(i.confAccelero) refers to accelero.o(i.LL_GPIO_SetPinMode) for LL_GPIO_SetPinMode
    accelero.o(i.confAccelero) refers to stm32f1xx_ll_adc.o(i.LL_ADC_Init) for LL_ADC_Init
    accelero.o(i.confAccelero) refers to accelero.o(i.LL_ADC_Enable) for LL_ADC_Enable
    accelero.o(i.confAccelero) refers to accelero.o(i.LL_ADC_REG_SetSequencerRanks) for LL_ADC_REG_SetSequencerRanks
    accelero.o(i.confAccelero) refers to accelero.o(i.LL_ADC_SetChannelSamplingTime) for LL_ADC_SetChannelSamplingTime
    accelero.o(i.convert_input) refers to accelero.o(i.LL_ADC_REG_SetSequencerRanks) for LL_ADC_REG_SetSequencerRanks
    accelero.o(i.convert_input) refers to accelero.o(i.LL_ADC_Enable) for LL_ADC_Enable
    accelero.o(i.roulisSup40) refers to accelero.o(i.convert_input) for convert_input
    communication.o(i.configure_uart) refers to communication.o(i.LL_GPIO_SetPinMode) for LL_GPIO_SetPinMode
    communication.o(i.configure_uart) refers to communication.o(i.LL_GPIO_SetPinOutputType) for LL_GPIO_SetPinOutputType
    communication.o(i.configure_uart) refers to communication.o(i.LL_GPIO_SetOutputPin) for LL_GPIO_SetOutputPin
    communication.o(i.send_angle) refers to voile.o(i.get_angle_voile) for get_angle_voile
    communication.o(i.send_angle) refers to printf1.o(i.__0sprintf$1) for __2sprintf
    communication.o(i.send_angle) refers to communication.o(i.LL_GPIO_SetPinMode) for LL_GPIO_SetPinMode
    communication.o(i.send_angle) refers to communication.o(i.LL_GPIO_SetOutputPin) for LL_GPIO_SetOutputPin
    communication.o(i.send_angle) refers to communication.o(i.LL_GPIO_SetPinOutputType) for LL_GPIO_SetPinOutputType
    communication.o(i.send_angle) refers to communication.o(i.send) for send
    communication.o(i.send_angle) refers to communication.o(i.LL_GPIO_ResetOutputPin) for LL_GPIO_ResetOutputPin
    communication.o(i.send_battery) refers to batterie.o(i.get_niveau_batterie) for get_niveau_batterie
    communication.o(i.send_battery) refers to printf1.o(i.__0sprintf$1) for __2sprintf
    communication.o(i.send_battery) refers to communication.o(i.LL_GPIO_SetPinMode) for LL_GPIO_SetPinMode
    communication.o(i.send_battery) refers to communication.o(i.LL_GPIO_SetOutputPin) for LL_GPIO_SetOutputPin
    communication.o(i.send_battery) refers to communication.o(i.LL_GPIO_SetPinOutputType) for LL_GPIO_SetPinOutputType
    communication.o(i.send_battery) refers to communication.o(i.send) for send
    communication.o(i.send_battery) refers to communication.o(i.LL_GPIO_ResetOutputPin) for LL_GPIO_ResetOutputPin
    communication.o(i.send_roulis) refers to accelero.o(i.roulisSup40) for roulisSup40
    communication.o(i.send_roulis) refers to communication.o(i.LL_GPIO_SetPinMode) for LL_GPIO_SetPinMode
    communication.o(i.send_roulis) refers to communication.o(i.LL_GPIO_SetOutputPin) for LL_GPIO_SetOutputPin
    communication.o(i.send_roulis) refers to communication.o(i.LL_GPIO_SetPinOutputType) for LL_GPIO_SetPinOutputType
    communication.o(i.send_roulis) refers to communication.o(i.send) for send
    communication.o(i.send_roulis) refers to communication.o(i.LL_GPIO_ResetOutputPin) for LL_GPIO_ResetOutputPin
    batterie.o(i.configure_adc_in12) refers to stm32f1xx_ll_adc.o(i.LL_ADC_Init) for LL_ADC_Init
    batterie.o(i.get_niveau_batterie) refers to batterie.o(.data) for niveau_batterie
    batterie.o(i.maj_etat_batterie) refers to accelero.o(i.convert_input) for convert_input
    batterie.o(i.maj_etat_batterie) refers to fflti.o(.text) for __aeabi_i2f
    batterie.o(i.maj_etat_batterie) refers to f2d.o(.text) for __aeabi_f2d
    batterie.o(i.maj_etat_batterie) refers to ddiv.o(.text) for __aeabi_ddiv
    batterie.o(i.maj_etat_batterie) refers to dmul.o(.text) for __aeabi_dmul
    batterie.o(i.maj_etat_batterie) refers to dfixi.o(.text) for __aeabi_d2iz
    batterie.o(i.maj_etat_batterie) refers to batterie.o(.data) for niveau_batterie
    voile.o(i.PWM_output_init) refers to mytimer.o(i.MyTimer_Conf) for MyTimer_Conf
    voile.o(i.Tendre_voile) refers to voile.o(.data) for angle_voile
    voile.o(i.calcul) refers to girouette.o(i.get_allure_Girouette) for get_allure_Girouette
    voile.o(i.get_angle_voile) refers to voile.o(.data) for angle_voile
    girouette.o(i.Config_Timer_Girouette) refers to mytimer.o(i.MyTimer_Conf) for MyTimer_Conf
    girouette.o(i.Config_Timer_Girouette) refers to stm32f1xx_ll_exti.o(i.LL_EXTI_StructInit) for LL_EXTI_StructInit
    girouette.o(i.Config_Timer_Girouette) refers to stm32f1xx_ll_exti.o(i.LL_EXTI_Init) for LL_EXTI_Init
    girouette.o(i.Config_gpio_girouette) refers to girouette.o(i.LL_GPIO_SetPinMode) for LL_GPIO_SetPinMode
    entry.o(.ARM.Collect$$$$00000000) refers (Special) to entry10a.o(.ARM.Collect$$$$0000000D) for __rt_final_cpp
    entry.o(.ARM.Collect$$$$00000000) refers (Special) to entry11a.o(.ARM.Collect$$$$0000000F) for __rt_final_exit
    entry.o(.ARM.Collect$$$$00000000) refers (Special) to entry7b.o(.ARM.Collect$$$$00000008) for _main_clock
    entry.o(.ARM.Collect$$$$00000000) refers (Special) to entry8b.o(.ARM.Collect$$$$0000000A) for _main_cpp_init
    entry.o(.ARM.Collect$$$$00000000) refers (Special) to entry9a.o(.ARM.Collect$$$$0000000B) for _main_init
    entry.o(.ARM.Collect$$$$00000000) refers (Special) to entry5.o(.ARM.Collect$$$$00000004) for _main_scatterload
    entry.o(.ARM.Collect$$$$00000000) refers (Special) to entry2.o(.ARM.Collect$$$$00000001) for _main_stk
    printfb.o(i.__0fprintf$bare) refers to printfb.o(i._printf_core) for _printf_core
    printfb.o(i.__0fprintf$bare) refers to fputc.o(i.fputc) for fputc
    printfb.o(i.__0printf$bare) refers to printfb.o(i._printf_core) for _printf_core
    printfb.o(i.__0printf$bare) refers to fputc.o(i.fputc) for fputc
    printfb.o(i.__0printf$bare) refers to stdout.o(.data) for __stdout
    printfb.o(i.__0snprintf$bare) refers to printfb.o(i._printf_core) for _printf_core
    printfb.o(i.__0snprintf$bare) refers to printfb.o(i._snputc) for _snputc
    printfb.o(i.__0sprintf$bare) refers to printfb.o(i._printf_core) for _printf_core
    printfb.o(i.__0sprintf$bare) refers to printfb.o(i._sputc) for _sputc
    printfb.o(i.__0vfprintf$bare) refers to printfb.o(i._printf_core) for _printf_core
    printfb.o(i.__0vfprintf$bare) refers to fputc.o(i.fputc) for fputc
    printfb.o(i.__0vprintf$bare) refers to printfb.o(i._printf_core) for _printf_core
    printfb.o(i.__0vprintf$bare) refers to fputc.o(i.fputc) for fputc
    printfb.o(i.__0vprintf$bare) refers to stdout.o(.data) for __stdout
    printfb.o(i.__0vsnprintf$bare) refers to printfb.o(i._printf_core) for _printf_core
    printfb.o(i.__0vsnprintf$bare) refers to printfb.o(i._snputc) for _snputc
    printfb.o(i.__0vsprintf$bare) refers to printfb.o(i._printf_core) for _printf_core
    printfb.o(i.__0vsprintf$bare) refers to printfb.o(i._sputc) for _sputc
    printf0.o(i.__0fprintf$0) refers to printf0.o(i._printf_core) for _printf_core
    printf0.o(i.__0fprintf$0) refers to fputc.o(i.fputc) for fputc
    printf0.o(i.__0printf$0) refers to printf0.o(i._printf_core) for _printf_core
    printf0.o(i.__0printf$0) refers to fputc.o(i.fputc) for fputc
    printf0.o(i.__0printf$0) refers to stdout.o(.data) for __stdout
    printf0.o(i.__0snprintf$0) refers to printf0.o(i._printf_core) for _printf_core
    printf0.o(i.__0snprintf$0) refers to printf0.o(i._snputc) for _snputc
    printf0.o(i.__0sprintf$0) refers to printf0.o(i._printf_core) for _printf_core
    printf0.o(i.__0sprintf$0) refers to printf0.o(i._sputc) for _sputc
    printf0.o(i.__0vfprintf$0) refers to printf0.o(i._printf_core) for _printf_core
    printf0.o(i.__0vfprintf$0) refers to fputc.o(i.fputc) for fputc
    printf0.o(i.__0vprintf$0) refers to printf0.o(i._printf_core) for _printf_core
    printf0.o(i.__0vprintf$0) refers to fputc.o(i.fputc) for fputc
    printf0.o(i.__0vprintf$0) refers to stdout.o(.data) for __stdout
    printf0.o(i.__0vsnprintf$0) refers to printf0.o(i._printf_core) for _printf_core
    printf0.o(i.__0vsnprintf$0) refers to printf0.o(i._snputc) for _snputc
    printf0.o(i.__0vsprintf$0) refers to printf0.o(i._printf_core) for _printf_core
    printf0.o(i.__0vsprintf$0) refers to printf0.o(i._sputc) for _sputc
    printf1.o(i.__0fprintf$1) refers to printf1.o(i._printf_core) for _printf_core
    printf1.o(i.__0fprintf$1) refers to fputc.o(i.fputc) for fputc
    printf1.o(i.__0printf$1) refers to printf1.o(i._printf_core) for _printf_core
    printf1.o(i.__0printf$1) refers to fputc.o(i.fputc) for fputc
    printf1.o(i.__0printf$1) refers to stdout.o(.data) for __stdout
    printf1.o(i.__0snprintf$1) refers to printf1.o(i._printf_core) for _printf_core
    printf1.o(i.__0snprintf$1) refers to printf1.o(i._snputc) for _snputc
    printf1.o(i.__0sprintf$1) refers to printf1.o(i._printf_core) for _printf_core
    printf1.o(i.__0sprintf$1) refers to printf1.o(i._sputc) for _sputc
    printf1.o(i.__0vfprintf$1) refers to printf1.o(i._printf_core) for _printf_core
    printf1.o(i.__0vfprintf$1) refers to fputc.o(i.fputc) for fputc
    printf1.o(i.__0vprintf$1) refers to printf1.o(i._printf_core) for _printf_core
    printf1.o(i.__0vprintf$1) refers to fputc.o(i.fputc) for fputc
    printf1.o(i.__0vprintf$1) refers to stdout.o(.data) for __stdout
    printf1.o(i.__0vsnprintf$1) refers to printf1.o(i._printf_core) for _printf_core
    printf1.o(i.__0vsnprintf$1) refers to printf1.o(i._snputc) for _snputc
    printf1.o(i.__0vsprintf$1) refers to printf1.o(i._printf_core) for _printf_core
    printf1.o(i.__0vsprintf$1) refers to printf1.o(i._sputc) for _sputc
    printf1.o(i._printf_core) refers to uidiv.o(.text) for __aeabi_uidivmod
    printf2.o(i.__0fprintf$2) refers to printf2.o(i._printf_core) for _printf_core
    printf2.o(i.__0fprintf$2) refers to fputc.o(i.fputc) for fputc
    printf2.o(i.__0printf$2) refers to printf2.o(i._printf_core) for _printf_core
    printf2.o(i.__0printf$2) refers to fputc.o(i.fputc) for fputc
    printf2.o(i.__0printf$2) refers to stdout.o(.data) for __stdout
    printf2.o(i.__0snprintf$2) refers to printf2.o(i._printf_core) for _printf_core
    printf2.o(i.__0snprintf$2) refers to printf2.o(i._snputc) for _snputc
    printf2.o(i.__0sprintf$2) refers to printf2.o(i._printf_core) for _printf_core
    printf2.o(i.__0sprintf$2) refers to printf2.o(i._sputc) for _sputc
    printf2.o(i.__0vfprintf$2) refers to printf2.o(i._printf_core) for _printf_core
    printf2.o(i.__0vfprintf$2) refers to fputc.o(i.fputc) for fputc
    printf2.o(i.__0vprintf$2) refers to printf2.o(i._printf_core) for _printf_core
    printf2.o(i.__0vprintf$2) refers to fputc.o(i.fputc) for fputc
    printf2.o(i.__0vprintf$2) refers to stdout.o(.data) for __stdout
    printf2.o(i.__0vsnprintf$2) refers to printf2.o(i._printf_core) for _printf_core
    printf2.o(i.__0vsnprintf$2) refers to printf2.o(i._snputc) for _snputc
    printf2.o(i.__0vsprintf$2) refers to printf2.o(i._printf_core) for _printf_core
    printf2.o(i.__0vsprintf$2) refers to printf2.o(i._sputc) for _sputc
    printf3.o(i.__0fprintf$3) refers to printf3.o(i._printf_core) for _printf_core
    printf3.o(i.__0fprintf$3) refers to fputc.o(i.fputc) for fputc
    printf3.o(i.__0printf$3) refers to printf3.o(i._printf_core) for _printf_core
    printf3.o(i.__0printf$3) refers to fputc.o(i.fputc) for fputc
    printf3.o(i.__0printf$3) refers to stdout.o(.data) for __stdout
    printf3.o(i.__0snprintf$3) refers to printf3.o(i._printf_core) for _printf_core
    printf3.o(i.__0snprintf$3) refers to printf3.o(i._snputc) for _snputc
    printf3.o(i.__0sprintf$3) refers to printf3.o(i._printf_core) for _printf_core
    printf3.o(i.__0sprintf$3) refers to printf3.o(i._sputc) for _sputc
    printf3.o(i.__0vfprintf$3) refers to printf3.o(i._printf_core) for _printf_core
    printf3.o(i.__0vfprintf$3) refers to fputc.o(i.fputc) for fputc
    printf3.o(i.__0vprintf$3) refers to printf3.o(i._printf_core) for _printf_core
    printf3.o(i.__0vprintf$3) refers to fputc.o(i.fputc) for fputc
    printf3.o(i.__0vprintf$3) refers to stdout.o(.data) for __stdout
    printf3.o(i.__0vsnprintf$3) refers to printf3.o(i._printf_core) for _printf_core
    printf3.o(i.__0vsnprintf$3) refers to printf3.o(i._snputc) for _snputc
    printf3.o(i.__0vsprintf$3) refers to printf3.o(i._printf_core) for _printf_core
    printf3.o(i.__0vsprintf$3) refers to printf3.o(i._sputc) for _sputc
    printf3.o(i._printf_core) refers to uidiv.o(.text) for __aeabi_uidivmod
    printf4.o(i.__0fprintf$4) refers to printf4.o(i._printf_core) for _printf_core
    printf4.o(i.__0fprintf$4) refers to fputc.o(i.fputc) for fputc
    printf4.o(i.__0printf$4) refers to printf4.o(i._printf_core) for _printf_core
    printf4.o(i.__0printf$4) refers to fputc.o(i.fputc) for fputc
    printf4.o(i.__0printf$4) refers to stdout.o(.data) for __stdout
    printf4.o(i.__0snprintf$4) refers to printf4.o(i._printf_core) for _printf_core
    printf4.o(i.__0snprintf$4) refers to printf4.o(i._snputc) for _snputc
    printf4.o(i.__0sprintf$4) refers to printf4.o(i._printf_core) for _printf_core
    printf4.o(i.__0sprintf$4) refers to printf4.o(i._sputc) for _sputc
    printf4.o(i.__0vfprintf$4) refers to printf4.o(i._printf_core) for _printf_core
    printf4.o(i.__0vfprintf$4) refers to fputc.o(i.fputc) for fputc
    printf4.o(i.__0vprintf$4) refers to printf4.o(i._printf_core) for _printf_core
    printf4.o(i.__0vprintf$4) refers to fputc.o(i.fputc) for fputc
    printf4.o(i.__0vprintf$4) refers to stdout.o(.data) for __stdout
    printf4.o(i.__0vsnprintf$4) refers to printf4.o(i._printf_core) for _printf_core
    printf4.o(i.__0vsnprintf$4) refers to printf4.o(i._snputc) for _snputc
    printf4.o(i.__0vsprintf$4) refers to printf4.o(i._printf_core) for _printf_core
    printf4.o(i.__0vsprintf$4) refers to printf4.o(i._sputc) for _sputc
    printf4.o(i._printf_core) refers to uldiv.o(.text) for __aeabi_uldivmod
    printf5.o(i.__0fprintf$5) refers to printf5.o(i._printf_core) for _printf_core
    printf5.o(i.__0fprintf$5) refers to fputc.o(i.fputc) for fputc
    printf5.o(i.__0printf$5) refers to printf5.o(i._printf_core) for _printf_core
    printf5.o(i.__0printf$5) refers to fputc.o(i.fputc) for fputc
    printf5.o(i.__0printf$5) refers to stdout.o(.data) for __stdout
    printf5.o(i.__0snprintf$5) refers to printf5.o(i._printf_core) for _printf_core
    printf5.o(i.__0snprintf$5) refers to printf5.o(i._snputc) for _snputc
    printf5.o(i.__0sprintf$5) refers to printf5.o(i._printf_core) for _printf_core
    printf5.o(i.__0sprintf$5) refers to printf5.o(i._sputc) for _sputc
    printf5.o(i.__0vfprintf$5) refers to printf5.o(i._printf_core) for _printf_core
    printf5.o(i.__0vfprintf$5) refers to fputc.o(i.fputc) for fputc
    printf5.o(i.__0vprintf$5) refers to printf5.o(i._printf_core) for _printf_core
    printf5.o(i.__0vprintf$5) refers to fputc.o(i.fputc) for fputc
    printf5.o(i.__0vprintf$5) refers to stdout.o(.data) for __stdout
    printf5.o(i.__0vsnprintf$5) refers to printf5.o(i._printf_core) for _printf_core
    printf5.o(i.__0vsnprintf$5) refers to printf5.o(i._snputc) for _snputc
    printf5.o(i.__0vsprintf$5) refers to printf5.o(i._printf_core) for _printf_core
    printf5.o(i.__0vsprintf$5) refers to printf5.o(i._sputc) for _sputc
    printf5.o(i._printf_core) refers to uldiv.o(.text) for __aeabi_uldivmod
    printf6.o(i.__0fprintf$6) refers to printf6.o(i._printf_core) for _printf_core
    printf6.o(i.__0fprintf$6) refers to fputc.o(i.fputc) for fputc
    printf6.o(i.__0printf$6) refers to printf6.o(i._printf_core) for _printf_core
    printf6.o(i.__0printf$6) refers to fputc.o(i.fputc) for fputc
    printf6.o(i.__0printf$6) refers to stdout.o(.data) for __stdout
    printf6.o(i.__0snprintf$6) refers to printf6.o(i._printf_core) for _printf_core
    printf6.o(i.__0snprintf$6) refers to printf6.o(i._snputc) for _snputc
    printf6.o(i.__0sprintf$6) refers to printf6.o(i._printf_core) for _printf_core
    printf6.o(i.__0sprintf$6) refers to printf6.o(i._sputc) for _sputc
    printf6.o(i.__0vfprintf$6) refers to printf6.o(i._printf_core) for _printf_core
    printf6.o(i.__0vfprintf$6) refers to fputc.o(i.fputc) for fputc
    printf6.o(i.__0vprintf$6) refers to printf6.o(i._printf_core) for _printf_core
    printf6.o(i.__0vprintf$6) refers to fputc.o(i.fputc) for fputc
    printf6.o(i.__0vprintf$6) refers to stdout.o(.data) for __stdout
    printf6.o(i.__0vsnprintf$6) refers to printf6.o(i._printf_core) for _printf_core
    printf6.o(i.__0vsnprintf$6) refers to printf6.o(i._snputc) for _snputc
    printf6.o(i.__0vsprintf$6) refers to printf6.o(i._printf_core) for _printf_core
    printf6.o(i.__0vsprintf$6) refers to printf6.o(i._sputc) for _sputc
    printf6.o(i._printf_core) refers to printf6.o(i._printf_pre_padding) for _printf_pre_padding
    printf6.o(i._printf_core) refers to uidiv.o(.text) for __aeabi_uidivmod
    printf6.o(i._printf_core) refers to printf6.o(i._printf_post_padding) for _printf_post_padding
    printf7.o(i.__0fprintf$7) refers to printf7.o(i._printf_core) for _printf_core
    printf7.o(i.__0fprintf$7) refers to fputc.o(i.fputc) for fputc
    printf7.o(i.__0printf$7) refers to printf7.o(i._printf_core) for _printf_core
    printf7.o(i.__0printf$7) refers to fputc.o(i.fputc) for fputc
    printf7.o(i.__0printf$7) refers to stdout.o(.data) for __stdout
    printf7.o(i.__0snprintf$7) refers to printf7.o(i._printf_core) for _printf_core
    printf7.o(i.__0snprintf$7) refers to printf7.o(i._snputc) for _snputc
    printf7.o(i.__0sprintf$7) refers to printf7.o(i._printf_core) for _printf_core
    printf7.o(i.__0sprintf$7) refers to printf7.o(i._sputc) for _sputc
    printf7.o(i.__0vfprintf$7) refers to printf7.o(i._printf_core) for _printf_core
    printf7.o(i.__0vfprintf$7) refers to fputc.o(i.fputc) for fputc
    printf7.o(i.__0vprintf$7) refers to printf7.o(i._printf_core) for _printf_core
    printf7.o(i.__0vprintf$7) refers to fputc.o(i.fputc) for fputc
    printf7.o(i.__0vprintf$7) refers to stdout.o(.data) for __stdout
    printf7.o(i.__0vsnprintf$7) refers to printf7.o(i._printf_core) for _printf_core
    printf7.o(i.__0vsnprintf$7) refers to printf7.o(i._snputc) for _snputc
    printf7.o(i.__0vsprintf$7) refers to printf7.o(i._printf_core) for _printf_core
    printf7.o(i.__0vsprintf$7) refers to printf7.o(i._sputc) for _sputc
    printf7.o(i._printf_core) refers to printf7.o(i._printf_pre_padding) for _printf_pre_padding
    printf7.o(i._printf_core) refers to uldiv.o(.text) for __aeabi_uldivmod
    printf7.o(i._printf_core) refers to printf7.o(i._printf_post_padding) for _printf_post_padding
    printf8.o(i.__0fprintf$8) refers to printf8.o(i._printf_core) for _printf_core
    printf8.o(i.__0fprintf$8) refers to fputc.o(i.fputc) for fputc
    printf8.o(i.__0printf$8) refers to printf8.o(i._printf_core) for _printf_core
    printf8.o(i.__0printf$8) refers to fputc.o(i.fputc) for fputc
    printf8.o(i.__0printf$8) refers to stdout.o(.data) for __stdout
    printf8.o(i.__0snprintf$8) refers to printf8.o(i._printf_core) for _printf_core
    printf8.o(i.__0snprintf$8) refers to printf8.o(i._snputc) for _snputc
    printf8.o(i.__0sprintf$8) refers to printf8.o(i._printf_core) for _printf_core
    printf8.o(i.__0sprintf$8) refers to printf8.o(i._sputc) for _sputc
    printf8.o(i.__0vfprintf$8) refers to printf8.o(i._printf_core) for _printf_core
    printf8.o(i.__0vfprintf$8) refers to fputc.o(i.fputc) for fputc
    printf8.o(i.__0vprintf$8) refers to printf8.o(i._printf_core) for _printf_core
    printf8.o(i.__0vprintf$8) refers to fputc.o(i.fputc) for fputc
    printf8.o(i.__0vprintf$8) refers to stdout.o(.data) for __stdout
    printf8.o(i.__0vsnprintf$8) refers to printf8.o(i._printf_core) for _printf_core
    printf8.o(i.__0vsnprintf$8) refers to printf8.o(i._snputc) for _snputc
    printf8.o(i.__0vsprintf$8) refers to printf8.o(i._printf_core) for _printf_core
    printf8.o(i.__0vsprintf$8) refers to printf8.o(i._sputc) for _sputc
    printf8.o(i._printf_core) refers to printf8.o(i._printf_pre_padding) for _printf_pre_padding
    printf8.o(i._printf_core) refers to uldiv.o(.text) for __aeabi_uldivmod
    printf8.o(i._printf_core) refers to printf8.o(i._printf_post_padding) for _printf_post_padding
    printfa.o(i.__0fprintf) refers (Special) to iusefp.o(.text) for __I$use$fp
    printfa.o(i.__0fprintf) refers to printfa.o(i._printf_core) for _printf_core
    printfa.o(i.__0fprintf) refers to fputc.o(i.fputc) for fputc
    printfa.o(i.__0printf) refers (Special) to iusefp.o(.text) for __I$use$fp
    printfa.o(i.__0printf) refers to printfa.o(i._printf_core) for _printf_core
    printfa.o(i.__0printf) refers to fputc.o(i.fputc) for fputc
    printfa.o(i.__0printf) refers to stdout.o(.data) for __stdout
    printfa.o(i.__0snprintf) refers (Special) to iusefp.o(.text) for __I$use$fp
    printfa.o(i.__0snprintf) refers to printfa.o(i._printf_core) for _printf_core
    printfa.o(i.__0snprintf) refers to printfa.o(i._snputc) for _snputc
    printfa.o(i.__0sprintf) refers (Special) to iusefp.o(.text) for __I$use$fp
    printfa.o(i.__0sprintf) refers to printfa.o(i._printf_core) for _printf_core
    printfa.o(i.__0sprintf) refers to printfa.o(i._sputc) for _sputc
    printfa.o(i.__0vfprintf) refers (Special) to iusefp.o(.text) for __I$use$fp
    printfa.o(i.__0vfprintf) refers to printfa.o(i._printf_core) for _printf_core
    printfa.o(i.__0vfprintf) refers to fputc.o(i.fputc) for fputc
    printfa.o(i.__0vprintf) refers (Special) to iusefp.o(.text) for __I$use$fp
    printfa.o(i.__0vprintf) refers to printfa.o(i._printf_core) for _printf_core
    printfa.o(i.__0vprintf) refers to fputc.o(i.fputc) for fputc
    printfa.o(i.__0vprintf) refers to stdout.o(.data) for __stdout
    printfa.o(i.__0vsnprintf) refers (Special) to iusefp.o(.text) for __I$use$fp
    printfa.o(i.__0vsnprintf) refers to printfa.o(i._printf_core) for _printf_core
    printfa.o(i.__0vsnprintf) refers to printfa.o(i._snputc) for _snputc
    printfa.o(i.__0vsprintf) refers (Special) to iusefp.o(.text) for __I$use$fp
    printfa.o(i.__0vsprintf) refers to printfa.o(i._printf_core) for _printf_core
    printfa.o(i.__0vsprintf) refers to printfa.o(i._sputc) for _sputc
    printfa.o(i._fp_digits) refers (Special) to iusefp.o(.text) for __I$use$fp
    printfa.o(i._fp_digits) refers to dmul.o(.text) for __aeabi_dmul
    printfa.o(i._fp_digits) refers to ddiv.o(.text) for __aeabi_ddiv
    printfa.o(i._fp_digits) refers to cdrcmple.o(.text) for __aeabi_cdrcmple
    printfa.o(i._fp_digits) refers to dadd.o(.text) for __aeabi_dadd
    printfa.o(i._fp_digits) refers to dfixul.o(.text) for __aeabi_d2ulz
    printfa.o(i._fp_digits) refers to uldiv.o(.text) for __aeabi_uldivmod
    printfa.o(i._printf_core) refers (Special) to iusefp.o(.text) for __I$use$fp
    printfa.o(i._printf_core) refers to printfa.o(i._printf_pre_padding) for _printf_pre_padding
    printfa.o(i._printf_core) refers to uldiv.o(.text) for __aeabi_uldivmod
    printfa.o(i._printf_core) refers to printfa.o(i._printf_post_padding) for _printf_post_padding
    printfa.o(i._printf_core) refers to printfa.o(i._fp_digits) for _fp_digits
    printfa.o(i._printf_core) refers to uidiv.o(.text) for __aeabi_uidivmod
    printfa.o(i._printf_post_padding) refers (Special) to iusefp.o(.text) for __I$use$fp
    printfa.o(i._printf_pre_padding) refers (Special) to iusefp.o(.text) for __I$use$fp
    printfa.o(i._snputc) refers (Special) to iusefp.o(.text) for __I$use$fp
    printfa.o(i._sputc) refers (Special) to iusefp.o(.text) for __I$use$fp
    fmul.o(.text) refers (Special) to iusefp.o(.text) for __I$use$fp
    fdiv.o(.text) refers (Special) to iusefp.o(.text) for __I$use$fp
    fdiv.o(.text) refers to fepilogue.o(.text) for _float_round
    dmul.o(.text) refers (Special) to iusefp.o(.text) for __I$use$fp
    dmul.o(.text) refers to depilogue.o(.text) for _double_epilogue
    ddiv.o(.text) refers (Special) to iusefp.o(.text) for __I$use$fp
    ddiv.o(.text) refers to depilogue.o(.text) for _double_round
    fflti.o(.text) refers (Special) to iusefp.o(.text) for __I$use$fp
    fflti.o(.text) refers to fepilogue.o(.text) for _float_epilogue
    dflti.o(.text) refers (Special) to iusefp.o(.text) for __I$use$fp
    dflti.o(.text) refers to depilogue.o(.text) for _double_epilogue
    ffixi.o(.text) refers (Special) to iusefp.o(.text) for __I$use$fp
    dfixi.o(.text) refers (Special) to iusefp.o(.text) for __I$use$fp
    dfixi.o(.text) refers to llushr.o(.text) for __aeabi_llsr
    f2d.o(.text) refers (Special) to iusefp.o(.text) for __I$use$fp
    cdcmple.o(.text) refers (Special) to iusefp.o(.text) for __I$use$fp
    cdrcmple.o(.text) refers (Special) to iusefp.o(.text) for __I$use$fp
    entry2.o(.ARM.Collect$$$$00000001) refers to entry2.o(.ARM.Collect$$$$00002712) for __lit__00000000
    entry2.o(.ARM.Collect$$$$00002712) refers to startup_stm32f103xb.o(STACK) for __initial_sp
    entry2.o(__vectab_stack_and_reset_area) refers to startup_stm32f103xb.o(STACK) for __initial_sp
    entry2.o(__vectab_stack_and_reset_area) refers to entry.o(.ARM.Collect$$$$00000000) for __main
    entry5.o(.ARM.Collect$$$$00000004) refers to init.o(.text) for __scatterload
    entry9a.o(.ARM.Collect$$$$0000000B) refers to main.o(i.main) for main
    entry9b.o(.ARM.Collect$$$$0000000C) refers to main.o(i.main) for main
    fputc.o(i.fputc) refers (Special) to iusesemip.o(.text) for __I$use$semihosting$fputc
    fputc.o(i.fputc) refers (Special) to semi.o(.text) for __semihosting_library_function
    uldiv.o(.text) refers to llushr.o(.text) for __aeabi_llsr
    uldiv.o(.text) refers to llshl.o(.text) for __aeabi_llsl
    depilogue.o(.text) refers to llshl.o(.text) for __aeabi_llsl
    depilogue.o(.text) refers to llushr.o(.text) for __aeabi_llsr
    dadd.o(.text) refers to llshl.o(.text) for __aeabi_llsl
    dadd.o(.text) refers to llsshr.o(.text) for __aeabi_lasr
    dadd.o(.text) refers to depilogue.o(.text) for _double_epilogue
    dfixul.o(.text) refers to llushr.o(.text) for __aeabi_llsr
    dfixul.o(.text) refers to llshl.o(.text) for __aeabi_llsl
    init.o(.text) refers to entry5.o(.ARM.Collect$$$$00000004) for __main_after_scatterload


==============================================================================

Removing Unused input sections from the image.

    Removing main.o(.rev16_text), (4 bytes).
    Removing main.o(.revsh_text), (4 bytes).
    Removing main.o(.rrx_text), (6 bytes).
    Removing main.o(.constdata), (35 bytes).
    Removing chrono.o(.rev16_text), (4 bytes).
    Removing chrono.o(.revsh_text), (4 bytes).
    Removing chrono.o(.rrx_text), (6 bytes).
    Removing chrono.o(i.Chrono_Read), (8 bytes).
    Removing chrono.o(i.Chrono_Reset), (32 bytes).
    Removing chrono.o(i.Chrono_Start), (16 bytes).
    Removing chrono.o(i.Chrono_Stop), (16 bytes).
    Removing chrono.o(i.Chrono_Task_10ms), (72 bytes).
    Removing mytimer.o(.rev16_text), (4 bytes).
    Removing mytimer.o(.revsh_text), (4 bytes).
    Removing mytimer.o(.rrx_text), (6 bytes).
    Removing mytimer.o(i.MyTimer_IT_Disable), (12 bytes).
    Removing mytimer.o(i.MyTimer_Stop), (12 bytes).
    Removing mytimer.o(.constdata), (35 bytes).
    Removing stm32f1xx_ll_rcc.o(.rev16_text), (4 bytes).
    Removing stm32f1xx_ll_rcc.o(.revsh_text), (4 bytes).
    Removing stm32f1xx_ll_rcc.o(.rrx_text), (6 bytes).
    Removing stm32f1xx_ll_rcc.o(i.LL_RCC_DeInit), (152 bytes).
    Removing stm32f1xx_ll_rcc.o(i.LL_RCC_GetADCClockFreq), (124 bytes).
    Removing stm32f1xx_ll_rcc.o(i.LL_RCC_GetSystemClocksFreq), (36 bytes).
    Removing stm32f1xx_ll_rcc.o(i.LL_RCC_GetUSBClockFreq), (120 bytes).
    Removing stm32f1xx_ll_rcc.o(i.LL_RCC_PLL_IsReady), (16 bytes).
    Removing stm32f1xx_ll_rcc.o(i.RCC_GetHCLKClockFreq), (32 bytes).
    Removing stm32f1xx_ll_rcc.o(i.RCC_GetPCLK1ClockFreq), (36 bytes).
    Removing stm32f1xx_ll_rcc.o(i.RCC_GetPCLK2ClockFreq), (36 bytes).
    Removing stm32f1xx_ll_rcc.o(i.RCC_GetSystemClockFreq), (60 bytes).
    Removing stm32f1xx_ll_rcc.o(i.RCC_PLL_GetFreqDomain_SYS), (88 bytes).
    Removing stm32f1xx_ll_utils.o(.rev16_text), (4 bytes).
    Removing stm32f1xx_ll_utils.o(.revsh_text), (4 bytes).
    Removing stm32f1xx_ll_utils.o(.rrx_text), (6 bytes).
    Removing stm32f1xx_ll_utils.o(i.LL_PLL_ConfigSystemClock_HSE), (260 bytes).
    Removing stm32f1xx_ll_utils.o(i.LL_PLL_ConfigSystemClock_HSI), (104 bytes).
    Removing stm32f1xx_ll_utils.o(i.LL_RCC_HSE_IsReady), (16 bytes).
    Removing stm32f1xx_ll_utils.o(i.LL_RCC_HSI_IsReady), (16 bytes).
    Removing stm32f1xx_ll_utils.o(i.LL_RCC_PLL_ConfigDomain_SYS), (28 bytes).
    Removing stm32f1xx_ll_utils.o(i.LL_RCC_PLL_IsReady), (16 bytes).
    Removing stm32f1xx_ll_utils.o(i.LL_mDelay), (40 bytes).
    Removing stm32f1xx_ll_utils.o(i.UTILS_EnablePLLAndSwitchSystem), (416 bytes).
    Removing stm32f1xx_ll_utils.o(i.UTILS_GetPLLOutputFrequency), (228 bytes).
    Removing stm32f1xx_ll_utils.o(i.UTILS_PLL_IsBusy), (16 bytes).
    Removing stm32f1xx_ll_utils.o(i.UTILS_SetFlashLatency), (80 bytes).
    Removing stm32f1xx_ll_tim.o(.rev16_text), (4 bytes).
    Removing stm32f1xx_ll_tim.o(.revsh_text), (4 bytes).
    Removing stm32f1xx_ll_tim.o(.rrx_text), (6 bytes).
    Removing stm32f1xx_ll_tim.o(i.IC1Config), (376 bytes).
    Removing stm32f1xx_ll_tim.o(i.IC2Config), (376 bytes).
    Removing stm32f1xx_ll_tim.o(i.IC3Config), (380 bytes).
    Removing stm32f1xx_ll_tim.o(i.IC4Config), (380 bytes).
    Removing stm32f1xx_ll_tim.o(i.LL_APB1_GRP1_ForceReset), (16 bytes).
    Removing stm32f1xx_ll_tim.o(i.LL_APB1_GRP1_ReleaseReset), (16 bytes).
    Removing stm32f1xx_ll_tim.o(i.LL_TIM_BDTR_Init), (312 bytes).
    Removing stm32f1xx_ll_tim.o(i.LL_TIM_BDTR_StructInit), (18 bytes).
    Removing stm32f1xx_ll_tim.o(i.LL_TIM_DeInit), (192 bytes).
    Removing stm32f1xx_ll_tim.o(i.LL_TIM_ENCODER_Init), (688 bytes).
    Removing stm32f1xx_ll_tim.o(i.LL_TIM_ENCODER_StructInit), (36 bytes).
    Removing stm32f1xx_ll_tim.o(i.LL_TIM_HALLSENSOR_Init), (396 bytes).
    Removing stm32f1xx_ll_tim.o(i.LL_TIM_HALLSENSOR_StructInit), (12 bytes).
    Removing stm32f1xx_ll_tim.o(i.LL_TIM_IC_Init), (92 bytes).
    Removing stm32f1xx_ll_tim.o(i.LL_TIM_IC_StructInit), (18 bytes).
    Removing stm32f1xx_ll_tim.o(i.LL_TIM_OC_Init), (92 bytes).
    Removing stm32f1xx_ll_tim.o(i.LL_TIM_OC_SetCompareCH2), (4 bytes).
    Removing stm32f1xx_ll_tim.o(i.LL_TIM_OC_StructInit), (20 bytes).
    Removing stm32f1xx_ll_tim.o(i.LL_TIM_StructInit), (18 bytes).
    Removing stm32f1xx_ll_tim.o(i.OC1Config), (404 bytes).
    Removing stm32f1xx_ll_tim.o(i.OC2Config), (404 bytes).
    Removing stm32f1xx_ll_tim.o(i.OC3Config), (404 bytes).
    Removing stm32f1xx_ll_tim.o(i.OC4Config), (372 bytes).
    Removing stm32f1xx_ll_tim.o(.constdata), (35 bytes).
    Removing stm32f1xx_ll_adc.o(.rev16_text), (4 bytes).
    Removing stm32f1xx_ll_adc.o(.revsh_text), (4 bytes).
    Removing stm32f1xx_ll_adc.o(.rrx_text), (6 bytes).
    Removing stm32f1xx_ll_adc.o(i.LL_ADC_CommonDeInit), (100 bytes).
    Removing stm32f1xx_ll_adc.o(i.LL_ADC_CommonInit), (216 bytes).
    Removing stm32f1xx_ll_adc.o(i.LL_ADC_CommonStructInit), (6 bytes).
    Removing stm32f1xx_ll_adc.o(i.LL_ADC_DeInit), (272 bytes).
    Removing stm32f1xx_ll_adc.o(i.LL_ADC_INJ_Init), (316 bytes).
    Removing stm32f1xx_ll_adc.o(i.LL_ADC_INJ_StructInit), (16 bytes).
    Removing stm32f1xx_ll_adc.o(i.LL_ADC_REG_Init), (504 bytes).
    Removing stm32f1xx_ll_adc.o(i.LL_ADC_REG_StructInit), (18 bytes).
    Removing stm32f1xx_ll_adc.o(i.LL_ADC_StructInit), (12 bytes).
    Removing stm32f1xx_ll_usart.o(.rev16_text), (4 bytes).
    Removing stm32f1xx_ll_usart.o(.revsh_text), (4 bytes).
    Removing stm32f1xx_ll_usart.o(.rrx_text), (6 bytes).
    Removing stm32f1xx_ll_usart.o(i.LL_APB1_GRP1_ForceReset), (16 bytes).
    Removing stm32f1xx_ll_usart.o(i.LL_APB1_GRP1_ReleaseReset), (16 bytes).
    Removing stm32f1xx_ll_usart.o(i.LL_USART_ClockInit), (276 bytes).
    Removing stm32f1xx_ll_usart.o(i.LL_USART_ClockStructInit), (12 bytes).
    Removing stm32f1xx_ll_usart.o(i.LL_USART_DeInit), (180 bytes).
    Removing stm32f1xx_ll_usart.o(i.LL_USART_Init), (432 bytes).
    Removing stm32f1xx_ll_usart.o(i.LL_USART_IsEnabled), (10 bytes).
    Removing stm32f1xx_ll_usart.o(i.LL_USART_SetBaudRate), (158 bytes).
    Removing stm32f1xx_ll_usart.o(i.LL_USART_StructInit), (24 bytes).
    Removing stm32f1xx_ll_exti.o(.rev16_text), (4 bytes).
    Removing stm32f1xx_ll_exti.o(.revsh_text), (4 bytes).
    Removing stm32f1xx_ll_exti.o(.rrx_text), (6 bytes).
    Removing stm32f1xx_ll_exti.o(i.LL_EXTI_DeInit), (40 bytes).
    Removing system_stm32f1xx.o(.rev16_text), (4 bytes).
    Removing system_stm32f1xx.o(.revsh_text), (4 bytes).
    Removing system_stm32f1xx.o(.rrx_text), (6 bytes).
    Removing system_stm32f1xx.o(i.SystemCoreClockUpdate), (164 bytes).
    Removing system_stm32f1xx.o(.constdata), (24 bytes).
    Removing startup_stm32f103xb.o(HEAP), (512 bytes).
    Removing recepteurrf.o(.rev16_text), (4 bytes).
    Removing recepteurrf.o(.revsh_text), (4 bytes).
    Removing recepteurrf.o(.rrx_text), (6 bytes).
    Removing moteurcc.o(.rev16_text), (4 bytes).
    Removing moteurcc.o(.revsh_text), (4 bytes).
    Removing moteurcc.o(.rrx_text), (6 bytes).
    Removing moteurcc.o(.constdata), (35 bytes).
    Removing accelero.o(.rev16_text), (4 bytes).
    Removing accelero.o(.revsh_text), (4 bytes).
    Removing accelero.o(.rrx_text), (6 bytes).
    Removing accelero.o(i.convert_input), (64 bytes).
    Removing accelero.o(i.roulisSup40), (32 bytes).
    Removing accelero.o(.constdata), (35 bytes).
    Removing communication.o(.rev16_text), (4 bytes).
    Removing communication.o(.revsh_text), (4 bytes).
    Removing communication.o(.rrx_text), (6 bytes).
    Removing communication.o(i.send_angle), (92 bytes).
    Removing communication.o(i.send_roulis), (104 bytes).
    Removing communication.o(.constdata), (35 bytes).
    Removing batterie.o(.rev16_text), (4 bytes).
    Removing batterie.o(.revsh_text), (4 bytes).
    Removing batterie.o(.rrx_text), (6 bytes).
    Removing batterie.o(i.convert_single), (60 bytes).
    Removing batterie.o(i.init_batterie), (2 bytes).
    Removing batterie.o(i.maj_etat_batterie), (96 bytes).
    Removing batterie.o(.constdata), (35 bytes).
    Removing voile.o(.rev16_text), (4 bytes).
    Removing voile.o(.revsh_text), (4 bytes).
    Removing voile.o(.rrx_text), (6 bytes).
    Removing voile.o(i.get_angle_voile), (12 bytes).
    Removing voile.o(i.start_timer_voile), (10 bytes).
    Removing voile.o(.constdata), (35 bytes).
    Removing girouette.o(.rev16_text), (4 bytes).
    Removing girouette.o(.revsh_text), (4 bytes).
    Removing girouette.o(.rrx_text), (6 bytes).
    Removing girouette.o(.constdata), (35 bytes).
    Removing girouette.o(.data), (4 bytes).
    Removing dmul.o(.text), (228 bytes).
    Removing ddiv.o(.text), (222 bytes).
    Removing dfixi.o(.text), (62 bytes).
    Removing dadd.o(.text), (334 bytes).
    Removing dfixul.o(.text), (48 bytes).

148 unused section(s) (total 12361 bytes) removed from the image.

==============================================================================

Image Symbol Table

    Local Symbols

    Symbol Name                              Value     Ov Type        Size  Object(Section)

    ../Src/main.c                            0x00000000   Number         0  main.o ABSOLUTE
    ../Src/system_stm32f1xx.c                0x00000000   Number         0  system_stm32f1xx.o ABSOLUTE
    ../clib/microlib/division.c              0x00000000   Number         0  uidiv.o ABSOLUTE
    ../clib/microlib/division.c              0x00000000   Number         0  uldiv.o ABSOLUTE
    ../clib/microlib/init/entry.s            0x00000000   Number         0  entry9a.o ABSOLUTE
    ../clib/microlib/init/entry.s            0x00000000   Number         0  entry9b.o ABSOLUTE
    ../clib/microlib/init/entry.s            0x00000000   Number         0  entry11a.o ABSOLUTE
    ../clib/microlib/init/entry.s            0x00000000   Number         0  entry10b.o ABSOLUTE
    ../clib/microlib/init/entry.s            0x00000000   Number         0  entry10a.o ABSOLUTE
    ../clib/microlib/init/entry.s            0x00000000   Number         0  entry.o ABSOLUTE
    ../clib/microlib/init/entry.s            0x00000000   Number         0  entry11b.o ABSOLUTE
    ../clib/microlib/init/entry.s            0x00000000   Number         0  entry2.o ABSOLUTE
    ../clib/microlib/init/entry.s            0x00000000   Number         0  entry5.o ABSOLUTE
    ../clib/microlib/init/entry.s            0x00000000   Number         0  entry7a.o ABSOLUTE
    ../clib/microlib/init/entry.s            0x00000000   Number         0  entry7b.o ABSOLUTE
    ../clib/microlib/init/entry.s            0x00000000   Number         0  entry8a.o ABSOLUTE
    ../clib/microlib/init/entry.s            0x00000000   Number         0  entry8b.o ABSOLUTE
    ../clib/microlib/longlong.c              0x00000000   Number         0  llsshr.o ABSOLUTE
    ../clib/microlib/longlong.c              0x00000000   Number         0  llshl.o ABSOLUTE
    ../clib/microlib/longlong.c              0x00000000   Number         0  llushr.o ABSOLUTE
    ../clib/microlib/printf/printf.c         0x00000000   Number         0  printf5.o ABSOLUTE
    ../clib/microlib/printf/printf.c         0x00000000   Number         0  printf4.o ABSOLUTE
    ../clib/microlib/printf/printf.c         0x00000000   Number         0  printf3.o ABSOLUTE
    ../clib/microlib/printf/printf.c         0x00000000   Number         0  printf2.o ABSOLUTE
    ../clib/microlib/printf/printf.c         0x00000000   Number         0  printf0.o ABSOLUTE
    ../clib/microlib/printf/printf.c         0x00000000   Number         0  printfb.o ABSOLUTE
    ../clib/microlib/printf/printf.c         0x00000000   Number         0  printf1.o ABSOLUTE
    ../clib/microlib/printf/printf.c         0x00000000   Number         0  printf6.o ABSOLUTE
    ../clib/microlib/printf/printf.c         0x00000000   Number         0  printfa.o ABSOLUTE
    ../clib/microlib/printf/printf.c         0x00000000   Number         0  printf8.o ABSOLUTE
    ../clib/microlib/printf/printf.c         0x00000000   Number         0  printf7.o ABSOLUTE
    ../clib/microlib/printf/stubs.s          0x00000000   Number         0  stubs.o ABSOLUTE
    ../clib/microlib/stdio/fputc.c           0x00000000   Number         0  fputc.o ABSOLUTE
    ../clib/microlib/stdio/semi.s            0x00000000   Number         0  semi.o ABSOLUTE
    ../clib/microlib/stdio/streams.c         0x00000000   Number         0  stdout.o ABSOLUTE
    ../clib/microlib/stubs.s                 0x00000000   Number         0  iusesemip.o ABSOLUTE
    ../clib/microlib/stubs.s                 0x00000000   Number         0  iusefp.o ABSOLUTE
    ../fplib/microlib/f2d.c                  0x00000000   Number         0  f2d.o ABSOLUTE
    ../fplib/microlib/fpadd.c                0x00000000   Number         0  dadd.o ABSOLUTE
    ../fplib/microlib/fpdiv.c                0x00000000   Number         0  ddiv.o ABSOLUTE
    ../fplib/microlib/fpdiv.c                0x00000000   Number         0  fdiv.o ABSOLUTE
    ../fplib/microlib/fpepilogue.c           0x00000000   Number         0  depilogue.o ABSOLUTE
    ../fplib/microlib/fpepilogue.c           0x00000000   Number         0  fepilogue.o ABSOLUTE
    ../fplib/microlib/fpfix.c                0x00000000   Number         0  dfixul.o ABSOLUTE
    ../fplib/microlib/fpfix.c                0x00000000   Number         0  ffixi.o ABSOLUTE
    ../fplib/microlib/fpfix.c                0x00000000   Number         0  dfixi.o ABSOLUTE
    ../fplib/microlib/fpflt.c                0x00000000   Number         0  dflti.o ABSOLUTE
    ../fplib/microlib/fpflt.c                0x00000000   Number         0  fflti.o ABSOLUTE
    ../fplib/microlib/fpmul.c                0x00000000   Number         0  dmul.o ABSOLUTE
    ../fplib/microlib/fpmul.c                0x00000000   Number         0  fmul.o ABSOLUTE
    ..\Accelero\accelero.c                   0x00000000   Number         0  accelero.o ABSOLUTE
    ..\Batterie\Batterie.c                   0x00000000   Number         0  batterie.o ABSOLUTE
    ..\Girouette\Girouette.c                 0x00000000   Number         0  girouette.o ABSOLUTE
    ..\LLDrivers\src\stm32f1xx_ll_adc.c      0x00000000   Number         0  stm32f1xx_ll_adc.o ABSOLUTE
    ..\LLDrivers\src\stm32f1xx_ll_exti.c     0x00000000   Number         0  stm32f1xx_ll_exti.o ABSOLUTE
    ..\LLDrivers\src\stm32f1xx_ll_rcc.c      0x00000000   Number         0  stm32f1xx_ll_rcc.o ABSOLUTE
    ..\LLDrivers\src\stm32f1xx_ll_tim.c      0x00000000   Number         0  stm32f1xx_ll_tim.o ABSOLUTE
    ..\LLDrivers\src\stm32f1xx_ll_usart.c    0x00000000   Number         0  stm32f1xx_ll_usart.o ABSOLUTE
    ..\LLDrivers\src\stm32f1xx_ll_utils.c    0x00000000   Number         0  stm32f1xx_ll_utils.o ABSOLUTE
    ..\Moteur CC\moteurCC.c                  0x00000000   Number         0  moteurcc.o ABSOLUTE
    ..\MyDrivers\MyTimer.c                   0x00000000   Number         0  mytimer.o ABSOLUTE
    ..\Receptor\recepteurRF.c                0x00000000   Number         0  recepteurrf.o ABSOLUTE
    ..\Services\Chrono.c                     0x00000000   Number         0  chrono.o ABSOLUTE
    ..\Src\main.c                            0x00000000   Number         0  main.o ABSOLUTE
    ..\Src\system_stm32f1xx.c                0x00000000   Number         0  system_stm32f1xx.o ABSOLUTE
    ..\UART\communication.c                  0x00000000   Number         0  communication.o ABSOLUTE
    ..\Voile\Voile.c                         0x00000000   Number         0  voile.o ABSOLUTE
    ..\\Accelero\\accelero.c                 0x00000000   Number         0  accelero.o ABSOLUTE
    ..\\Batterie\\Batterie.c                 0x00000000   Number         0  batterie.o ABSOLUTE
    ..\\Girouette\\Girouette.c               0x00000000   Number         0  girouette.o ABSOLUTE
    ..\\LLDrivers\\src\\stm32f1xx_ll_adc.c   0x00000000   Number         0  stm32f1xx_ll_adc.o ABSOLUTE
    ..\\LLDrivers\\src\\stm32f1xx_ll_exti.c  0x00000000   Number         0  stm32f1xx_ll_exti.o ABSOLUTE
    ..\\LLDrivers\\src\\stm32f1xx_ll_rcc.c   0x00000000   Number         0  stm32f1xx_ll_rcc.o ABSOLUTE
    ..\\LLDrivers\\src\\stm32f1xx_ll_tim.c   0x00000000   Number         0  stm32f1xx_ll_tim.o ABSOLUTE
    ..\\LLDrivers\\src\\stm32f1xx_ll_usart.c 0x00000000   Number         0  stm32f1xx_ll_usart.o ABSOLUTE
    ..\\LLDrivers\\src\\stm32f1xx_ll_utils.c 0x00000000   Number         0  stm32f1xx_ll_utils.o ABSOLUTE
    ..\\Moteur CC\\moteurCC.c                0x00000000   Number         0  moteurcc.o ABSOLUTE
    ..\\MyDrivers\\MyTimer.c                 0x00000000   Number         0  mytimer.o ABSOLUTE
    ..\\Receptor\\recepteurRF.c              0x00000000   Number         0  recepteurrf.o ABSOLUTE
    ..\\Services\\Chrono.c                   0x00000000   Number         0  chrono.o ABSOLUTE
    ..\\UART\\communication.c                0x00000000   Number         0  communication.o ABSOLUTE
    ..\\Voile\\Voile.c                       0x00000000   Number         0  voile.o ABSOLUTE
    cdcmple.s                                0x00000000   Number         0  cdcmple.o ABSOLUTE
    cdrcmple.s                               0x00000000   Number         0  cdrcmple.o ABSOLUTE
    dc.s                                     0x00000000   Number         0  dc.o ABSOLUTE
    handlers.s                               0x00000000   Number         0  handlers.o ABSOLUTE
    init.s                                   0x00000000   Number         0  init.o ABSOLUTE
    startup_stm32f103xb.s                    0x00000000   Number         0  startup_stm32f103xb.o ABSOLUTE
    RESET                                    0x08000000   Section      236  startup_stm32f103xb.o(RESET)
    .ARM.Collect$$$$00000000                 0x080000ec   Section        0  entry.o(.ARM.Collect$$$$00000000)
    .ARM.Collect$$$$00000001                 0x080000ec   Section        4  entry2.o(.ARM.Collect$$$$00000001)
    .ARM.Collect$$$$00000004                 0x080000f0   Section        4  entry5.o(.ARM.Collect$$$$00000004)
    .ARM.Collect$$$$00000008                 0x080000f4   Section        0  entry7b.o(.ARM.Collect$$$$00000008)
    .ARM.Collect$$$$0000000A                 0x080000f4   Section        0  entry8b.o(.ARM.Collect$$$$0000000A)
    .ARM.Collect$$$$0000000B                 0x080000f4   Section        8  entry9a.o(.ARM.Collect$$$$0000000B)
    .ARM.Collect$$$$0000000D                 0x080000fc   Section        0  entry10a.o(.ARM.Collect$$$$0000000D)
    .ARM.Collect$$$$0000000F                 0x080000fc   Section        0  entry11a.o(.ARM.Collect$$$$0000000F)
    .ARM.Collect$$$$00002712                 0x080000fc   Section        4  entry2.o(.ARM.Collect$$$$00002712)
    __lit__00000000                          0x080000fc   Data           4  entry2.o(.ARM.Collect$$$$00002712)
    .text                                    0x08000100   Section       36  startup_stm32f103xb.o(.text)
    .text                                    0x08000124   Section        0  fmul.o(.text)
    .text                                    0x08000188   Section        0  fdiv.o(.text)
    .text                                    0x08000204   Section        0  fflti.o(.text)
    .text                                    0x08000216   Section        0  dflti.o(.text)
    .text                                    0x08000238   Section        0  ffixi.o(.text)
    .text                                    0x0800026a   Section        0  f2d.o(.text)
    .text                                    0x08000290   Section       48  cdcmple.o(.text)
    .text                                    0x080002c0   Section       48  cdrcmple.o(.text)
    .text                                    0x080002f0   Section        0  uidiv.o(.text)
    .text                                    0x0800031c   Section        0  llushr.o(.text)
    .text                                    0x0800033c   Section        0  iusefp.o(.text)
    .text                                    0x0800033c   Section        0  fepilogue.o(.text)
    .text                                    0x080003aa   Section        0  depilogue.o(.text)
    .text                                    0x08000464   Section       36  init.o(.text)
    .text                                    0x08000488   Section        0  llshl.o(.text)
    i.Chrono_Conf                            0x080004a8   Section        0  chrono.o(i.Chrono_Conf)
    i.Config_Timer_Girouette                 0x080004f0   Section        0  girouette.o(i.Config_Timer_Girouette)
    i.Config_gpio_girouette                  0x08000584   Section        0  girouette.o(i.Config_gpio_girouette)
    i.Configuration                          0x080005c0   Section        0  main.o(i.Configuration)
    i.EXTI9_5_IRQHandler                     0x08000610   Section        0  girouette.o(i.EXTI9_5_IRQHandler)
    i.LL_ADC_Enable                          0x08000628   Section        0  accelero.o(i.LL_ADC_Enable)
    LL_ADC_Enable                            0x08000629   Thumb Code    10  accelero.o(i.LL_ADC_Enable)
    i.LL_ADC_Init                            0x08000634   Section        0  stm32f1xx_ll_adc.o(i.LL_ADC_Init)
    i.LL_ADC_IsEnabled                       0x080006d8   Section        0  stm32f1xx_ll_adc.o(i.LL_ADC_IsEnabled)
    LL_ADC_IsEnabled                         0x080006d9   Thumb Code    10  stm32f1xx_ll_adc.o(i.LL_ADC_IsEnabled)
    i.LL_ADC_REG_SetSequencerRanks           0x080006e2   Section        0  accelero.o(i.LL_ADC_REG_SetSequencerRanks)
    LL_ADC_REG_SetSequencerRanks             0x080006e3   Thumb Code    56  accelero.o(i.LL_ADC_REG_SetSequencerRanks)
    i.LL_ADC_SetChannelSamplingTime          0x0800071a   Section        0  accelero.o(i.LL_ADC_SetChannelSamplingTime)
    LL_ADC_SetChannelSamplingTime            0x0800071b   Thumb Code    82  accelero.o(i.LL_ADC_SetChannelSamplingTime)
    i.LL_APB1_GRP1_EnableClock               0x0800076c   Section        0  mytimer.o(i.LL_APB1_GRP1_EnableClock)
    LL_APB1_GRP1_EnableClock                 0x0800076d   Thumb Code    24  mytimer.o(i.LL_APB1_GRP1_EnableClock)
    i.LL_EXTI_DisableEvent_0_31              0x08000788   Section        0  stm32f1xx_ll_exti.o(i.LL_EXTI_DisableEvent_0_31)
    LL_EXTI_DisableEvent_0_31                0x08000789   Thumb Code    12  stm32f1xx_ll_exti.o(i.LL_EXTI_DisableEvent_0_31)
    i.LL_EXTI_DisableIT_0_31                 0x08000798   Section        0  stm32f1xx_ll_exti.o(i.LL_EXTI_DisableIT_0_31)
    LL_EXTI_DisableIT_0_31                   0x08000799   Thumb Code    12  stm32f1xx_ll_exti.o(i.LL_EXTI_DisableIT_0_31)
    i.LL_EXTI_EnableEvent_0_31               0x080007a8   Section        0  stm32f1xx_ll_exti.o(i.LL_EXTI_EnableEvent_0_31)
    LL_EXTI_EnableEvent_0_31                 0x080007a9   Thumb Code    12  stm32f1xx_ll_exti.o(i.LL_EXTI_EnableEvent_0_31)
    i.LL_EXTI_EnableFallingTrig_0_31         0x080007b8   Section        0  stm32f1xx_ll_exti.o(i.LL_EXTI_EnableFallingTrig_0_31)
    LL_EXTI_EnableFallingTrig_0_31           0x080007b9   Thumb Code    12  stm32f1xx_ll_exti.o(i.LL_EXTI_EnableFallingTrig_0_31)
    i.LL_EXTI_EnableIT_0_31                  0x080007c8   Section        0  stm32f1xx_ll_exti.o(i.LL_EXTI_EnableIT_0_31)
    LL_EXTI_EnableIT_0_31                    0x080007c9   Thumb Code    12  stm32f1xx_ll_exti.o(i.LL_EXTI_EnableIT_0_31)
    i.LL_EXTI_EnableRisingTrig_0_31          0x080007d8   Section        0  stm32f1xx_ll_exti.o(i.LL_EXTI_EnableRisingTrig_0_31)
    LL_EXTI_EnableRisingTrig_0_31            0x080007d9   Thumb Code    12  stm32f1xx_ll_exti.o(i.LL_EXTI_EnableRisingTrig_0_31)
    i.LL_EXTI_Init                           0x080007e8   Section        0  stm32f1xx_ll_exti.o(i.LL_EXTI_Init)
    i.LL_EXTI_StructInit                     0x0800092c   Section        0  stm32f1xx_ll_exti.o(i.LL_EXTI_StructInit)
    i.LL_GPIO_ResetOutputPin                 0x0800093a   Section        0  communication.o(i.LL_GPIO_ResetOutputPin)
    LL_GPIO_ResetOutputPin                   0x0800093b   Thumb Code     8  communication.o(i.LL_GPIO_ResetOutputPin)
    i.LL_GPIO_SetOutputPin                   0x08000942   Section        0  communication.o(i.LL_GPIO_SetOutputPin)
    LL_GPIO_SetOutputPin                     0x08000943   Thumb Code     8  communication.o(i.LL_GPIO_SetOutputPin)
    i.LL_GPIO_SetPinMode                     0x0800094a   Section        0  accelero.o(i.LL_GPIO_SetPinMode)
    LL_GPIO_SetPinMode                       0x0800094b   Thumb Code    44  accelero.o(i.LL_GPIO_SetPinMode)
    i.LL_GPIO_SetPinMode                     0x08000976   Section        0  communication.o(i.LL_GPIO_SetPinMode)
    LL_GPIO_SetPinMode                       0x08000977   Thumb Code    44  communication.o(i.LL_GPIO_SetPinMode)
    i.LL_GPIO_SetPinMode                     0x080009a2   Section        0  girouette.o(i.LL_GPIO_SetPinMode)
    LL_GPIO_SetPinMode                       0x080009a3   Thumb Code    44  girouette.o(i.LL_GPIO_SetPinMode)
    i.LL_GPIO_SetPinOutputType               0x080009ce   Section        0  communication.o(i.LL_GPIO_SetPinOutputType)
    LL_GPIO_SetPinOutputType                 0x080009cf   Thumb Code    44  communication.o(i.LL_GPIO_SetPinOutputType)
    i.LL_Init1msTick                         0x080009fa   Section        0  stm32f1xx_ll_utils.o(i.LL_Init1msTick)
    i.LL_SetSystemCoreClock                  0x08000a18   Section        0  stm32f1xx_ll_utils.o(i.LL_SetSystemCoreClock)
    i.LL_TIM_ClearFlag_UPDATE                0x08000a24   Section        0  mytimer.o(i.LL_TIM_ClearFlag_UPDATE)
    LL_TIM_ClearFlag_UPDATE                  0x08000a25   Thumb Code     8  mytimer.o(i.LL_TIM_ClearFlag_UPDATE)
    i.LL_TIM_DisableCounter                  0x08000a2c   Section        0  mytimer.o(i.LL_TIM_DisableCounter)
    LL_TIM_DisableCounter                    0x08000a2d   Thumb Code    10  mytimer.o(i.LL_TIM_DisableCounter)
    i.LL_TIM_DisableIT_UPDATE                0x08000a36   Section        0  mytimer.o(i.LL_TIM_DisableIT_UPDATE)
    LL_TIM_DisableIT_UPDATE                  0x08000a37   Thumb Code    10  mytimer.o(i.LL_TIM_DisableIT_UPDATE)
    i.LL_TIM_Init                            0x08000a40   Section        0  stm32f1xx_ll_tim.o(i.LL_TIM_Init)
    i.MyTimer_Conf                           0x08000b54   Section        0  mytimer.o(i.MyTimer_Conf)
    i.MyTimer_IT_Conf                        0x08000bd8   Section        0  mytimer.o(i.MyTimer_IT_Conf)
    i.MyTimer_IT_Enable                      0x08000ca0   Section        0  mytimer.o(i.MyTimer_IT_Enable)
    i.MyTimer_Start                          0x08000cae   Section        0  mytimer.o(i.MyTimer_Start)
    i.PWM_output_init                        0x08000cbc   Section        0  voile.o(i.PWM_output_init)
    i.SystemClock_Config                     0x08000d54   Section        0  main.o(i.SystemClock_Config)
    i.SystemInit                             0x08000e34   Section        0  system_stm32f1xx.o(i.SystemInit)
    i.TIM1_UP_IRQHandler                     0x08000e8c   Section        0  mytimer.o(i.TIM1_UP_IRQHandler)
    i.TIM2_IRQHandler                        0x08000ea4   Section        0  mytimer.o(i.TIM2_IRQHandler)
    i.TIM3_IRQHandler                        0x08000ebc   Section        0  mytimer.o(i.TIM3_IRQHandler)
    i.TIM4_IRQHandler                        0x08000ed4   Section        0  mytimer.o(i.TIM4_IRQHandler)
    i.Tendre_voile                           0x08000eec   Section        0  voile.o(i.Tendre_voile)
    i.__0sprintf$1                           0x08000f34   Section        0  printf1.o(i.__0sprintf$1)
    i.__scatterload_copy                     0x08000f5c   Section       14  handlers.o(i.__scatterload_copy)
    i.__scatterload_null                     0x08000f6a   Section        2  handlers.o(i.__scatterload_null)
    i.__scatterload_zeroinit                 0x08000f6c   Section       14  handlers.o(i.__scatterload_zeroinit)
    i._printf_core                           0x08000f7c   Section        0  printf1.o(i._printf_core)
    _printf_core                             0x08000f7d   Thumb Code   336  printf1.o(i._printf_core)
    i._sputc                                 0x080010d0   Section        0  printf1.o(i._sputc)
    _sputc                                   0x080010d1   Thumb Code    10  printf1.o(i._sputc)
    i.assert_failed                          0x080010da   Section        0  main.o(i.assert_failed)
    i.calcul                                 0x080010e0   Section        0  voile.o(i.calcul)
    i.confAccelero                           0x08001130   Section        0  accelero.o(i.confAccelero)
    i.config_gpio_pb                         0x080011dc   Section        0  voile.o(i.config_gpio_pb)
    i.configure_adc_in12                     0x08001234   Section        0  batterie.o(i.configure_adc_in12)
    i.configure_gpio_pc2_analog_input        0x0800132c   Section        0  batterie.o(i.configure_gpio_pc2_analog_input)
    i.configure_uart                         0x08001368   Section        0  communication.o(i.configure_uart)
    i.fonction_int                           0x080013ec   Section        0  main.o(i.fonction_int)
    i.getAlpha                               0x08001414   Section        0  recepteurrf.o(i.getAlpha)
    i.getPWMmoteur                           0x08001450   Section        0  recepteurrf.o(i.getPWMmoteur)
    i.getSens                                0x080014d4   Section        0  recepteurrf.o(i.getSens)
    i.get_allure_Girouette                   0x08001548   Section        0  girouette.o(i.get_allure_Girouette)
    i.get_niveau_batterie                    0x08001550   Section        0  batterie.o(i.get_niveau_batterie)
    i.main                                   0x0800155c   Section        0  main.o(i.main)
    i.moteurccConf                           0x0800156c   Section        0  moteurcc.o(i.moteurccConf)
    i.recepteurRFConf                        0x080015ec   Section        0  recepteurrf.o(i.recepteurRFConf)
    i.send                                   0x080016b4   Section        0  communication.o(i.send)
    i.send_battery                           0x080016d4   Section        0  communication.o(i.send_battery)
    i.start_timer_Girouette                  0x08001730   Section        0  girouette.o(i.start_timer_Girouette)
    i.tournerTable                           0x0800173c   Section        0  moteurcc.o(i.tournerTable)
    .data                                    0x20000000   Section        8  chrono.o(.data)
    Chrono_Time                              0x20000000   Data           3  chrono.o(.data)
    Chrono_Timer                             0x20000004   Data           4  chrono.o(.data)
    .data                                    0x20000008   Section       16  mytimer.o(.data)
    .data                                    0x20000018   Section        4  system_stm32f1xx.o(.data)
    .data                                    0x2000001c   Section        4  batterie.o(.data)
    .data                                    0x20000020   Section        4  voile.o(.data)
    STACK                                    0x20000028   Section     1024  startup_stm32f103xb.o(STACK)

    Global Symbols

    Symbol Name                              Value     Ov Type        Size  Object(Section)

    BuildAttributes$$THM_ISAv4$P$D$K$B$S$PE$A:L22UL41UL21$X:L11$S22US41US21$IEEE1$IW$USESV6$~STKCKD$USESV7$~SHL$OTIME$ROPI$EBA8$MICROLIB$REQ8$PRES8$EABIv2 0x00000000   Number         0  anon$$obj.o ABSOLUTE
    __ARM_use_no_argv                        0x00000000   Number         0  main.o ABSOLUTE
    _printf_a                                0x00000000   Number         0  stubs.o ABSOLUTE
    _printf_c                                0x00000000   Number         0  stubs.o ABSOLUTE
    _printf_charcount                        0x00000000   Number         0  stubs.o ABSOLUTE
    _printf_d                                0x00000000   Number         0  stubs.o ABSOLUTE
    _printf_e                                0x00000000   Number         0  stubs.o ABSOLUTE
    _printf_f                                0x00000000   Number         0  stubs.o ABSOLUTE
    _printf_flags                            0x00000000   Number         0  stubs.o ABSOLUTE
    _printf_fp_dec                           0x00000000   Number         0  stubs.o ABSOLUTE
    _printf_fp_hex                           0x00000000   Number         0  stubs.o ABSOLUTE
    _printf_g                                0x00000000   Number         0  stubs.o ABSOLUTE
    _printf_i                                0x00000000   Number         0  stubs.o ABSOLUTE
    _printf_int_dec                          0x00000000   Number         0  stubs.o ABSOLUTE
    _printf_l                                0x00000000   Number         0  stubs.o ABSOLUTE
    _printf_lc                               0x00000000   Number         0  stubs.o ABSOLUTE
    _printf_ll                               0x00000000   Number         0  stubs.o ABSOLUTE
    _printf_lld                              0x00000000   Number         0  stubs.o ABSOLUTE
    _printf_lli                              0x00000000   Number         0  stubs.o ABSOLUTE
    _printf_llo                              0x00000000   Number         0  stubs.o ABSOLUTE
    _printf_llu                              0x00000000   Number         0  stubs.o ABSOLUTE
    _printf_llx                              0x00000000   Number         0  stubs.o ABSOLUTE
    _printf_longlong_dec                     0x00000000   Number         0  stubs.o ABSOLUTE
    _printf_longlong_hex                     0x00000000   Number         0  stubs.o ABSOLUTE
    _printf_longlong_oct                     0x00000000   Number         0  stubs.o ABSOLUTE
    _printf_ls                               0x00000000   Number         0  stubs.o ABSOLUTE
    _printf_mbtowc                           0x00000000   Number         0  stubs.o ABSOLUTE
    _printf_n                                0x00000000   Number         0  stubs.o ABSOLUTE
    _printf_o                                0x00000000   Number         0  stubs.o ABSOLUTE
    _printf_p                                0x00000000   Number         0  stubs.o ABSOLUTE
    _printf_percent                          0x00000000   Number         0  stubs.o ABSOLUTE
    _printf_pre_padding                      0x00000000   Number         0  stubs.o ABSOLUTE
    _printf_return_value                     0x00000000   Number         0  stubs.o ABSOLUTE
    _printf_s                                0x00000000   Number         0  stubs.o ABSOLUTE
    _printf_sizespec                         0x00000000   Number         0  stubs.o ABSOLUTE
    _printf_str                              0x00000000   Number         0  stubs.o ABSOLUTE
    _printf_truncate_signed                  0x00000000   Number         0  stubs.o ABSOLUTE
    _printf_truncate_unsigned                0x00000000   Number         0  stubs.o ABSOLUTE
    _printf_u                                0x00000000   Number         0  stubs.o ABSOLUTE
    _printf_wc                               0x00000000   Number         0  stubs.o ABSOLUTE
    _printf_wctomb                           0x00000000   Number         0  stubs.o ABSOLUTE
    _printf_widthprec                        0x00000000   Number         0  stubs.o ABSOLUTE
    _printf_x                                0x00000000   Number         0  stubs.o ABSOLUTE
    __cpp_initialize__aeabi_                  - Undefined Weak Reference
    __cxa_finalize                            - Undefined Weak Reference
    __decompress                              - Undefined Weak Reference
    _clock_init                               - Undefined Weak Reference
    _microlib_exit                            - Undefined Weak Reference
    __Vectors_Size                           0x000000ec   Number         0  startup_stm32f103xb.o ABSOLUTE
    __Vectors                                0x08000000   Data           4  startup_stm32f103xb.o(RESET)
    __Vectors_End                            0x080000ec   Data           0  startup_stm32f103xb.o(RESET)
    __main                                   0x080000ed   Thumb Code     0  entry.o(.ARM.Collect$$$$00000000)
    _main_stk                                0x080000ed   Thumb Code     0  entry2.o(.ARM.Collect$$$$00000001)
    _main_scatterload                        0x080000f1   Thumb Code     0  entry5.o(.ARM.Collect$$$$00000004)
    __main_after_scatterload                 0x080000f5   Thumb Code     0  entry5.o(.ARM.Collect$$$$00000004)
    _main_clock                              0x080000f5   Thumb Code     0  entry7b.o(.ARM.Collect$$$$00000008)
    _main_cpp_init                           0x080000f5   Thumb Code     0  entry8b.o(.ARM.Collect$$$$0000000A)
    _main_init                               0x080000f5   Thumb Code     0  entry9a.o(.ARM.Collect$$$$0000000B)
    __rt_final_cpp                           0x080000fd   Thumb Code     0  entry10a.o(.ARM.Collect$$$$0000000D)
    __rt_final_exit                          0x080000fd   Thumb Code     0  entry11a.o(.ARM.Collect$$$$0000000F)
    Reset_Handler                            0x08000101   Thumb Code     8  startup_stm32f103xb.o(.text)
    NMI_Handler                              0x08000109   Thumb Code     2  startup_stm32f103xb.o(.text)
    HardFault_Handler                        0x0800010b   Thumb Code     2  startup_stm32f103xb.o(.text)
    MemManage_Handler                        0x0800010d   Thumb Code     2  startup_stm32f103xb.o(.text)
    BusFault_Handler                         0x0800010f   Thumb Code     2  startup_stm32f103xb.o(.text)
    UsageFault_Handler                       0x08000111   Thumb Code     2  startup_stm32f103xb.o(.text)
    SVC_Handler                              0x08000113   Thumb Code     2  startup_stm32f103xb.o(.text)
    DebugMon_Handler                         0x08000115   Thumb Code     2  startup_stm32f103xb.o(.text)
    PendSV_Handler                           0x08000117   Thumb Code     2  startup_stm32f103xb.o(.text)
    SysTick_Handler                          0x08000119   Thumb Code     2  startup_stm32f103xb.o(.text)
    ADC1_2_IRQHandler                        0x0800011b   Thumb Code     0  startup_stm32f103xb.o(.text)
    CAN1_RX1_IRQHandler                      0x0800011b   Thumb Code     0  startup_stm32f103xb.o(.text)
    CAN1_SCE_IRQHandler                      0x0800011b   Thumb Code     0  startup_stm32f103xb.o(.text)
    DMA1_Channel1_IRQHandler                 0x0800011b   Thumb Code     0  startup_stm32f103xb.o(.text)
    DMA1_Channel2_IRQHandler                 0x0800011b   Thumb Code     0  startup_stm32f103xb.o(.text)
    DMA1_Channel3_IRQHandler                 0x0800011b   Thumb Code     0  startup_stm32f103xb.o(.text)
    DMA1_Channel4_IRQHandler                 0x0800011b   Thumb Code     0  startup_stm32f103xb.o(.text)
    DMA1_Channel5_IRQHandler                 0x0800011b   Thumb Code     0  startup_stm32f103xb.o(.text)
    DMA1_Channel6_IRQHandler                 0x0800011b   Thumb Code     0  startup_stm32f103xb.o(.text)
    DMA1_Channel7_IRQHandler                 0x0800011b   Thumb Code     0  startup_stm32f103xb.o(.text)
    EXTI0_IRQHandler                         0x0800011b   Thumb Code     0  startup_stm32f103xb.o(.text)
    EXTI15_10_IRQHandler                     0x0800011b   Thumb Code     0  startup_stm32f103xb.o(.text)
    EXTI1_IRQHandler                         0x0800011b   Thumb Code     0  startup_stm32f103xb.o(.text)
    EXTI2_IRQHandler                         0x0800011b   Thumb Code     0  startup_stm32f103xb.o(.text)
    EXTI3_IRQHandler                         0x0800011b   Thumb Code     0  startup_stm32f103xb.o(.text)
    EXTI4_IRQHandler                         0x0800011b   Thumb Code     0  startup_stm32f103xb.o(.text)
    FLASH_IRQHandler                         0x0800011b   Thumb Code     0  startup_stm32f103xb.o(.text)
    I2C1_ER_IRQHandler                       0x0800011b   Thumb Code     0  startup_stm32f103xb.o(.text)
    I2C1_EV_IRQHandler                       0x0800011b   Thumb Code     0  startup_stm32f103xb.o(.text)
    I2C2_ER_IRQHandler                       0x0800011b   Thumb Code     0  startup_stm32f103xb.o(.text)
    I2C2_EV_IRQHandler                       0x0800011b   Thumb Code     0  startup_stm32f103xb.o(.text)
    PVD_IRQHandler                           0x0800011b   Thumb Code     0  startup_stm32f103xb.o(.text)
    RCC_IRQHandler                           0x0800011b   Thumb Code     0  startup_stm32f103xb.o(.text)
    RTC_Alarm_IRQHandler                     0x0800011b   Thumb Code     0  startup_stm32f103xb.o(.text)
    RTC_IRQHandler                           0x0800011b   Thumb Code     0  startup_stm32f103xb.o(.text)
    SPI1_IRQHandler                          0x0800011b   Thumb Code     0  startup_stm32f103xb.o(.text)
    SPI2_IRQHandler                          0x0800011b   Thumb Code     0  startup_stm32f103xb.o(.text)
    TAMPER_IRQHandler                        0x0800011b   Thumb Code     0  startup_stm32f103xb.o(.text)
    TIM1_BRK_IRQHandler                      0x0800011b   Thumb Code     0  startup_stm32f103xb.o(.text)
    TIM1_CC_IRQHandler                       0x0800011b   Thumb Code     0  startup_stm32f103xb.o(.text)
    TIM1_TRG_COM_IRQHandler                  0x0800011b   Thumb Code     0  startup_stm32f103xb.o(.text)
    USART1_IRQHandler                        0x0800011b   Thumb Code     0  startup_stm32f103xb.o(.text)
    USART2_IRQHandler                        0x0800011b   Thumb Code     0  startup_stm32f103xb.o(.text)
    USART3_IRQHandler                        0x0800011b   Thumb Code     0  startup_stm32f103xb.o(.text)
    USBWakeUp_IRQHandler                     0x0800011b   Thumb Code     0  startup_stm32f103xb.o(.text)
    USB_HP_CAN1_TX_IRQHandler                0x0800011b   Thumb Code     0  startup_stm32f103xb.o(.text)
    USB_LP_CAN1_RX0_IRQHandler               0x0800011b   Thumb Code     0  startup_stm32f103xb.o(.text)
    WWDG_IRQHandler                          0x0800011b   Thumb Code     0  startup_stm32f103xb.o(.text)
    __aeabi_fmul                             0x08000125   Thumb Code   100  fmul.o(.text)
    __aeabi_fdiv                             0x08000189   Thumb Code   124  fdiv.o(.text)
    __aeabi_i2f                              0x08000205   Thumb Code    18  fflti.o(.text)
    __aeabi_i2d                              0x08000217   Thumb Code    34  dflti.o(.text)
    __aeabi_f2iz                             0x08000239   Thumb Code    50  ffixi.o(.text)
    __aeabi_f2d                              0x0800026b   Thumb Code    38  f2d.o(.text)
    __aeabi_cdcmpeq                          0x08000291   Thumb Code     0  cdcmple.o(.text)
    __aeabi_cdcmple                          0x08000291   Thumb Code    48  cdcmple.o(.text)
    __aeabi_cdrcmple                         0x080002c1   Thumb Code    48  cdrcmple.o(.text)
    __aeabi_uidiv                            0x080002f1   Thumb Code     0  uidiv.o(.text)
    __aeabi_uidivmod                         0x080002f1   Thumb Code    44  uidiv.o(.text)
    __aeabi_llsr                             0x0800031d   Thumb Code    32  llushr.o(.text)
    _ll_ushift_r                             0x0800031d   Thumb Code     0  llushr.o(.text)
    __I$use$fp                               0x0800033d   Thumb Code     0  iusefp.o(.text)
    _float_round                             0x0800033d   Thumb Code    18  fepilogue.o(.text)
    _float_epilogue                          0x0800034f   Thumb Code    92  fepilogue.o(.text)
    _double_round                            0x080003ab   Thumb Code    30  depilogue.o(.text)
    _double_epilogue                         0x080003c9   Thumb Code   156  depilogue.o(.text)
    __scatterload                            0x08000465   Thumb Code    28  init.o(.text)
    __scatterload_rt2                        0x08000465   Thumb Code     0  init.o(.text)
    __aeabi_llsl                             0x08000489   Thumb Code    30  llshl.o(.text)
    _ll_shift_l                              0x08000489   Thumb Code     0  llshl.o(.text)
    Chrono_Conf                              0x080004a9   Thumb Code    62  chrono.o(i.Chrono_Conf)
    Config_Timer_Girouette                   0x080004f1   Thumb Code   138  girouette.o(i.Config_Timer_Girouette)
    Config_gpio_girouette                    0x08000585   Thumb Code    52  girouette.o(i.Config_gpio_girouette)
    Configuration                            0x080005c1   Thumb Code    64  main.o(i.Configuration)
    EXTI9_5_IRQHandler                       0x08000611   Thumb Code    16  girouette.o(i.EXTI9_5_IRQHandler)
    LL_ADC_Init                              0x08000635   Thumb Code   120  stm32f1xx_ll_adc.o(i.LL_ADC_Init)
    LL_EXTI_Init                             0x080007e9   Thumb Code   280  stm32f1xx_ll_exti.o(i.LL_EXTI_Init)
    LL_EXTI_StructInit                       0x0800092d   Thumb Code    14  stm32f1xx_ll_exti.o(i.LL_EXTI_StructInit)
    LL_Init1msTick                           0x080009fb   Thumb Code    28  stm32f1xx_ll_utils.o(i.LL_Init1msTick)
    LL_SetSystemCoreClock                    0x08000a19   Thumb Code     6  stm32f1xx_ll_utils.o(i.LL_SetSystemCoreClock)
    LL_TIM_Init                              0x08000a41   Thumb Code   228  stm32f1xx_ll_tim.o(i.LL_TIM_Init)
    MyTimer_Conf                             0x08000b55   Thumb Code   118  mytimer.o(i.MyTimer_Conf)
    MyTimer_IT_Conf                          0x08000bd9   Thumb Code   166  mytimer.o(i.MyTimer_IT_Conf)
    MyTimer_IT_Enable                        0x08000ca1   Thumb Code    14  mytimer.o(i.MyTimer_IT_Enable)
    MyTimer_Start                            0x08000caf   Thumb Code    14  mytimer.o(i.MyTimer_Start)
    PWM_output_init                          0x08000cbd   Thumb Code   150  voile.o(i.PWM_output_init)
    SystemClock_Config                       0x08000d55   Thumb Code   212  main.o(i.SystemClock_Config)
    SystemInit                               0x08000e35   Thumb Code    70  system_stm32f1xx.o(i.SystemInit)
    TIM1_UP_IRQHandler                       0x08000e8d   Thumb Code    16  mytimer.o(i.TIM1_UP_IRQHandler)
    TIM2_IRQHandler                          0x08000ea5   Thumb Code    18  mytimer.o(i.TIM2_IRQHandler)
    TIM3_IRQHandler                          0x08000ebd   Thumb Code    16  mytimer.o(i.TIM3_IRQHandler)
    TIM4_IRQHandler                          0x08000ed5   Thumb Code    16  mytimer.o(i.TIM4_IRQHandler)
    Tendre_voile                             0x08000eed   Thumb Code    68  voile.o(i.Tendre_voile)
    __0sprintf$1                             0x08000f35   Thumb Code    34  printf1.o(i.__0sprintf$1)
    __1sprintf$1                             0x08000f35   Thumb Code     0  printf1.o(i.__0sprintf$1)
    __2sprintf                               0x08000f35   Thumb Code     0  printf1.o(i.__0sprintf$1)
    __scatterload_copy                       0x08000f5d   Thumb Code    14  handlers.o(i.__scatterload_copy)
    __scatterload_null                       0x08000f6b   Thumb Code     2  handlers.o(i.__scatterload_null)
    __scatterload_zeroinit                   0x08000f6d   Thumb Code    14  handlers.o(i.__scatterload_zeroinit)
    assert_failed                            0x080010db   Thumb Code     4  main.o(i.assert_failed)
    calcul                                   0x080010e1   Thumb Code    74  voile.o(i.calcul)
    confAccelero                             0x08001131   Thumb Code   156  accelero.o(i.confAccelero)
    config_gpio_pb                           0x080011dd   Thumb Code    76  voile.o(i.config_gpio_pb)
    configure_adc_in12                       0x08001235   Thumb Code   234  batterie.o(i.configure_adc_in12)
    configure_gpio_pc2_analog_input          0x0800132d   Thumb Code    54  batterie.o(i.configure_gpio_pc2_analog_input)
    configure_uart                           0x08001369   Thumb Code   116  communication.o(i.configure_uart)
    fonction_int                             0x080013ed   Thumb Code    36  main.o(i.fonction_int)
    getAlpha                                 0x08001415   Thumb Code    50  recepteurrf.o(i.getAlpha)
    getPWMmoteur                             0x08001451   Thumb Code   116  recepteurrf.o(i.getPWMmoteur)
    getSens                                  0x080014d5   Thumb Code    96  recepteurrf.o(i.getSens)
    get_allure_Girouette                     0x08001549   Thumb Code     8  girouette.o(i.get_allure_Girouette)
    get_niveau_batterie                      0x08001551   Thumb Code     6  batterie.o(i.get_niveau_batterie)
    main                                     0x0800155d   Thumb Code    16  main.o(i.main)
    moteurccConf                             0x0800156d   Thumb Code   118  moteurcc.o(i.moteurccConf)
    recepteurRFConf                          0x080015ed   Thumb Code   188  recepteurrf.o(i.recepteurRFConf)
    send                                     0x080016b5   Thumb Code    28  communication.o(i.send)
    send_battery                             0x080016d5   Thumb Code    78  communication.o(i.send_battery)
    start_timer_Girouette                    0x08001731   Thumb Code    10  girouette.o(i.start_timer_Girouette)
    tournerTable                             0x0800173d   Thumb Code    44  moteurcc.o(i.tournerTable)
    Region$$Table$$Base                      0x0800176c   Number         0  anon$$obj.o(Region$$Table)
    Region$$Table$$Limit                     0x0800178c   Number         0  anon$$obj.o(Region$$Table)
    Ptr_ItFct_TIM1                           0x20000008   Data           4  mytimer.o(.data)
    Ptr_ItFct_TIM2                           0x2000000c   Data           4  mytimer.o(.data)
    Ptr_ItFct_TIM3                           0x20000010   Data           4  mytimer.o(.data)
    Ptr_ItFct_TIM4                           0x20000014   Data           4  mytimer.o(.data)
    SystemCoreClock                          0x20000018   Data           4  system_stm32f1xx.o(.data)
    niveau_batterie                          0x2000001c   Data           4  batterie.o(.data)
    angle_voile                              0x20000020   Data           4  voile.o(.data)
    __initial_sp                             0x20000428   Data           0  startup_stm32f103xb.o(STACK)



==============================================================================

Memory Map of the image

  Image Entry point : 0x080000ed

  Load Region LR_IROM1 (Base: 0x08000000, Size: 0x000017b0, Max: 0x00020000, ABSOLUTE)

    Execution Region ER_IROM1 (Exec base: 0x08000000, Load base: 0x08000000, Size: 0x0000178c, Max: 0x00020000, ABSOLUTE)

    Exec Addr    Load Addr    Size         Type   Attr      Idx    E Section Name        Object

    0x08000000   0x08000000   0x000000ec   Data   RO          897    RESET               startup_stm32f103xb.o
    0x080000ec   0x080000ec   0x00000000   Code   RO         1323  * .ARM.Collect$$$$00000000  mc_w.l(entry.o)
    0x080000ec   0x080000ec   0x00000004   Code   RO         1609    .ARM.Collect$$$$00000001  mc_w.l(entry2.o)
    0x080000f0   0x080000f0   0x00000004   Code   RO         1612    .ARM.Collect$$$$00000004  mc_w.l(entry5.o)
    0x080000f4   0x080000f4   0x00000000   Code   RO         1614    .ARM.Collect$$$$00000008  mc_w.l(entry7b.o)
    0x080000f4   0x080000f4   0x00000000   Code   RO         1616    .ARM.Collect$$$$0000000A  mc_w.l(entry8b.o)
    0x080000f4   0x080000f4   0x00000008   Code   RO         1617    .ARM.Collect$$$$0000000B  mc_w.l(entry9a.o)
    0x080000fc   0x080000fc   0x00000000   Code   RO         1619    .ARM.Collect$$$$0000000D  mc_w.l(entry10a.o)
    0x080000fc   0x080000fc   0x00000000   Code   RO         1621    .ARM.Collect$$$$0000000F  mc_w.l(entry11a.o)
    0x080000fc   0x080000fc   0x00000004   Code   RO         1610    .ARM.Collect$$$$00002712  mc_w.l(entry2.o)
    0x08000100   0x08000100   0x00000024   Code   RO          898    .text               startup_stm32f103xb.o
    0x08000124   0x08000124   0x00000064   Code   RO         1587    .text               mf_w.l(fmul.o)
    0x08000188   0x08000188   0x0000007c   Code   RO         1589    .text               mf_w.l(fdiv.o)
    0x08000204   0x08000204   0x00000012   Code   RO         1595    .text               mf_w.l(fflti.o)
    0x08000216   0x08000216   0x00000022   Code   RO         1597    .text               mf_w.l(dflti.o)
    0x08000238   0x08000238   0x00000032   Code   RO         1599    .text               mf_w.l(ffixi.o)
    0x0800026a   0x0800026a   0x00000026   Code   RO         1603    .text               mf_w.l(f2d.o)
    0x08000290   0x08000290   0x00000030   Code   RO         1605    .text               mf_w.l(cdcmple.o)
    0x080002c0   0x080002c0   0x00000030   Code   RO         1607    .text               mf_w.l(cdrcmple.o)
    0x080002f0   0x080002f0   0x0000002c   Code   RO         1626    .text               mc_w.l(uidiv.o)
    0x0800031c   0x0800031c   0x00000020   Code   RO         1630    .text               mc_w.l(llushr.o)
    0x0800033c   0x0800033c   0x00000000   Code   RO         1632    .text               mc_w.l(iusefp.o)
    0x0800033c   0x0800033c   0x0000006e   Code   RO         1633    .text               mf_w.l(fepilogue.o)
    0x080003aa   0x080003aa   0x000000ba   Code   RO         1635    .text               mf_w.l(depilogue.o)
    0x08000464   0x08000464   0x00000024   Code   RO         1641    .text               mc_w.l(init.o)
    0x08000488   0x08000488   0x0000001e   Code   RO         1644    .text               mc_w.l(llshl.o)
    0x080004a6   0x080004a6   0x00000002   PAD
    0x080004a8   0x080004a8   0x00000048   Code   RO          122    i.Chrono_Conf       chrono.o
    0x080004f0   0x080004f0   0x00000094   Code   RO         1266    i.Config_Timer_Girouette  girouette.o
    0x08000584   0x08000584   0x0000003c   Code   RO         1267    i.Config_gpio_girouette  girouette.o
    0x080005c0   0x080005c0   0x00000050   Code   RO            4    i.Configuration     main.o
    0x08000610   0x08000610   0x00000018   Code   RO         1268    i.EXTI9_5_IRQHandler  girouette.o
    0x08000628   0x08000628   0x0000000a   Code   RO          985    i.LL_ADC_Enable     accelero.o
    0x08000632   0x08000632   0x00000002   PAD
    0x08000634   0x08000634   0x000000a4   Code   RO          635    i.LL_ADC_Init       stm32f1xx_ll_adc.o
    0x080006d8   0x080006d8   0x0000000a   Code   RO          636    i.LL_ADC_IsEnabled  stm32f1xx_ll_adc.o
    0x080006e2   0x080006e2   0x00000038   Code   RO          986    i.LL_ADC_REG_SetSequencerRanks  accelero.o
    0x0800071a   0x0800071a   0x00000052   Code   RO          987    i.LL_ADC_SetChannelSamplingTime  accelero.o
    0x0800076c   0x0800076c   0x0000001c   Code   RO          178    i.LL_APB1_GRP1_EnableClock  mytimer.o
    0x08000788   0x08000788   0x00000010   Code   RO          793    i.LL_EXTI_DisableEvent_0_31  stm32f1xx_ll_exti.o
    0x08000798   0x08000798   0x00000010   Code   RO          794    i.LL_EXTI_DisableIT_0_31  stm32f1xx_ll_exti.o
    0x080007a8   0x080007a8   0x00000010   Code   RO          795    i.LL_EXTI_EnableEvent_0_31  stm32f1xx_ll_exti.o
    0x080007b8   0x080007b8   0x00000010   Code   RO          796    i.LL_EXTI_EnableFallingTrig_0_31  stm32f1xx_ll_exti.o
    0x080007c8   0x080007c8   0x00000010   Code   RO          797    i.LL_EXTI_EnableIT_0_31  stm32f1xx_ll_exti.o
    0x080007d8   0x080007d8   0x00000010   Code   RO          798    i.LL_EXTI_EnableRisingTrig_0_31  stm32f1xx_ll_exti.o
    0x080007e8   0x080007e8   0x00000144   Code   RO          799    i.LL_EXTI_Init      stm32f1xx_ll_exti.o
    0x0800092c   0x0800092c   0x0000000e   Code   RO          800    i.LL_EXTI_StructInit  stm32f1xx_ll_exti.o
    0x0800093a   0x0800093a   0x00000008   Code   RO         1049    i.LL_GPIO_ResetOutputPin  communication.o
    0x08000942   0x08000942   0x00000008   Code   RO         1050    i.LL_GPIO_SetOutputPin  communication.o
    0x0800094a   0x0800094a   0x0000002c   Code   RO          988    i.LL_GPIO_SetPinMode  accelero.o
    0x08000976   0x08000976   0x0000002c   Code   RO         1051    i.LL_GPIO_SetPinMode  communication.o
    0x080009a2   0x080009a2   0x0000002c   Code   RO         1269    i.LL_GPIO_SetPinMode  girouette.o
    0x080009ce   0x080009ce   0x0000002c   Code   RO         1052    i.LL_GPIO_SetPinOutputType  communication.o
    0x080009fa   0x080009fa   0x0000001c   Code   RO          373    i.LL_Init1msTick    stm32f1xx_ll_utils.o
    0x08000a16   0x08000a16   0x00000002   PAD
    0x08000a18   0x08000a18   0x0000000c   Code   RO          380    i.LL_SetSystemCoreClock  stm32f1xx_ll_utils.o
    0x08000a24   0x08000a24   0x00000008   Code   RO          179    i.LL_TIM_ClearFlag_UPDATE  mytimer.o
    0x08000a2c   0x08000a2c   0x0000000a   Code   RO          180    i.LL_TIM_DisableCounter  mytimer.o
    0x08000a36   0x08000a36   0x0000000a   Code   RO          181    i.LL_TIM_DisableIT_UPDATE  mytimer.o
    0x08000a40   0x08000a40   0x00000114   Code   RO          485    i.LL_TIM_Init       stm32f1xx_ll_tim.o
    0x08000b54   0x08000b54   0x00000084   Code   RO          182    i.MyTimer_Conf      mytimer.o
    0x08000bd8   0x08000bd8   0x000000c8   Code   RO          183    i.MyTimer_IT_Conf   mytimer.o
    0x08000ca0   0x08000ca0   0x0000000e   Code   RO          185    i.MyTimer_IT_Enable  mytimer.o
    0x08000cae   0x08000cae   0x0000000e   Code   RO          186    i.MyTimer_Start     mytimer.o
    0x08000cbc   0x08000cbc   0x00000096   Code   RO         1199    i.PWM_output_init   voile.o
    0x08000d52   0x08000d52   0x00000002   PAD
    0x08000d54   0x08000d54   0x000000e0   Code   RO            5    i.SystemClock_Config  main.o
    0x08000e34   0x08000e34   0x00000058   Code   RO          862    i.SystemInit        system_stm32f1xx.o
    0x08000e8c   0x08000e8c   0x00000018   Code   RO          188    i.TIM1_UP_IRQHandler  mytimer.o
    0x08000ea4   0x08000ea4   0x00000018   Code   RO          189    i.TIM2_IRQHandler   mytimer.o
    0x08000ebc   0x08000ebc   0x00000018   Code   RO          190    i.TIM3_IRQHandler   mytimer.o
    0x08000ed4   0x08000ed4   0x00000018   Code   RO          191    i.TIM4_IRQHandler   mytimer.o
    0x08000eec   0x08000eec   0x00000048   Code   RO         1200    i.Tendre_voile      voile.o
    0x08000f34   0x08000f34   0x00000028   Code   RO         1373    i.__0sprintf$1      mc_w.l(printf1.o)
    0x08000f5c   0x08000f5c   0x0000000e   Code   RO         1651    i.__scatterload_copy  mc_w.l(handlers.o)
    0x08000f6a   0x08000f6a   0x00000002   Code   RO         1652    i.__scatterload_null  mc_w.l(handlers.o)
    0x08000f6c   0x08000f6c   0x0000000e   Code   RO         1653    i.__scatterload_zeroinit  mc_w.l(handlers.o)
    0x08000f7a   0x08000f7a   0x00000002   PAD
    0x08000f7c   0x08000f7c   0x00000154   Code   RO         1378    i._printf_core      mc_w.l(printf1.o)
    0x080010d0   0x080010d0   0x0000000a   Code   RO         1380    i._sputc            mc_w.l(printf1.o)
    0x080010da   0x080010da   0x00000004   Code   RO            6    i.assert_failed     main.o
    0x080010de   0x080010de   0x00000002   PAD
    0x080010e0   0x080010e0   0x00000050   Code   RO         1201    i.calcul            voile.o
    0x08001130   0x08001130   0x000000ac   Code   RO          989    i.confAccelero      accelero.o
    0x080011dc   0x080011dc   0x00000058   Code   RO         1202    i.config_gpio_pb    voile.o
    0x08001234   0x08001234   0x000000f8   Code   RO         1135    i.configure_adc_in12  batterie.o
    0x0800132c   0x0800132c   0x0000003c   Code   RO         1136    i.configure_gpio_pc2_analog_input  batterie.o
    0x08001368   0x08001368   0x00000084   Code   RO         1053    i.configure_uart    communication.o
    0x080013ec   0x080013ec   0x00000028   Code   RO            7    i.fonction_int      main.o
    0x08001414   0x08001414   0x0000003c   Code   RO          905    i.getAlpha          recepteurrf.o
    0x08001450   0x08001450   0x00000084   Code   RO          906    i.getPWMmoteur      recepteurrf.o
    0x080014d4   0x080014d4   0x00000074   Code   RO          907    i.getSens           recepteurrf.o
    0x08001548   0x08001548   0x00000008   Code   RO         1270    i.get_allure_Girouette  girouette.o
    0x08001550   0x08001550   0x0000000c   Code   RO         1138    i.get_niveau_batterie  batterie.o
    0x0800155c   0x0800155c   0x00000010   Code   RO            8    i.main              main.o
    0x0800156c   0x0800156c   0x00000080   Code   RO          947    i.moteurccConf      moteurcc.o
    0x080015ec   0x080015ec   0x000000c8   Code   RO          908    i.recepteurRFConf   recepteurrf.o
    0x080016b4   0x080016b4   0x00000020   Code   RO         1054    i.send              communication.o
    0x080016d4   0x080016d4   0x0000005c   Code   RO         1056    i.send_battery      communication.o
    0x08001730   0x08001730   0x0000000a   Code   RO         1271    i.start_timer_Girouette  girouette.o
    0x0800173a   0x0800173a   0x00000002   PAD
    0x0800173c   0x0800173c   0x00000030   Code   RO          948    i.tournerTable      moteurcc.o
    0x0800176c   0x0800176c   0x00000020   Data   RO         1649    Region$$Table       anon$$obj.o


    Execution Region RW_IRAM1 (Exec base: 0x20000000, Load base: 0x0800178c, Size: 0x00000428, Max: 0x00005000, ABSOLUTE)

    Exec Addr    Load Addr    Size         Type   Attr      Idx    E Section Name        Object

    0x20000000   0x0800178c   0x00000008   Data   RW          128    .data               chrono.o
    0x20000008   0x08001794   0x00000010   Data   RW          193    .data               mytimer.o
    0x20000018   0x080017a4   0x00000004   Data   RW          864    .data               system_stm32f1xx.o
    0x2000001c   0x080017a8   0x00000004   Data   RW         1142    .data               batterie.o
    0x20000020   0x080017ac   0x00000004   Data   RW         1206    .data               voile.o
    0x20000024   0x080017b0   0x00000004   PAD
    0x20000028        -       0x00000400   Zero   RW          895    STACK               startup_stm32f103xb.o


==============================================================================

Image component sizes


      Code (inc. data)   RO Data    RW Data    ZI Data      Debug   Object Name

       364         16          0          0          0      40699   accelero.o
       320         26          0          4          0      40687   batterie.o
        72         10          0          8          0       1098   chrono.o
       360         34          0          0          0      11187   communication.o
       294         26          0          0          0       6341   girouette.o
       364         32          0          0          0     381715   main.o
       176         14          0          0          0      33118   moteurcc.o
       512         82          0         16          0      59137   mytimer.o
       508         58          0          0          0       2214   recepteurrf.o
        36          8        236          0       1024        768   startup_stm32f103xb.o
       174         44          0          0          0      37014   stm32f1xx_ll_adc.o
       434         68          0          0          0       7276   stm32f1xx_ll_exti.o
       276         48          0          0          0      28958   stm32f1xx_ll_tim.o
        40          6          0          0          0       2069   stm32f1xx_ll_utils.o
        88         18          0          4          0       1135   system_stm32f1xx.o
       390         22          0          4          0       6057   voile.o

    ----------------------------------------------------------------------
      4418        512        268         36       1028     659473   Object Totals
         0          0         32          0          0          0   (incl. Generated)
        10          0          0          0          4          0   (incl. Padding)

    ----------------------------------------------------------------------

      Code (inc. data)   RO Data    RW Data    ZI Data      Debug   Library Member Name

         0          0          0          0          0          0   entry.o
         0          0          0          0          0          0   entry10a.o
         0          0          0          0          0          0   entry11a.o
         8          4          0          0          0          0   entry2.o
         4          0          0          0          0          0   entry5.o
         0          0          0          0          0          0   entry7b.o
         0          0          0          0          0          0   entry8b.o
         8          4          0          0          0          0   entry9a.o
        30          0          0          0          0          0   handlers.o
        36          8          0          0          0         68   init.o
         0          0          0          0          0          0   iusefp.o
        30          0          0          0          0         68   llshl.o
        32          0          0          0          0         68   llushr.o
       390         10          0          0          0        252   printf1.o
        44          0          0          0          0         80   uidiv.o
        48          0          0          0          0         68   cdcmple.o
        48          0          0          0          0         68   cdrcmple.o
       186          0          0          0          0        176   depilogue.o
        34          0          0          0          0         76   dflti.o
        38          0          0          0          0         68   f2d.o
       124          0          0          0          0         88   fdiv.o
       110          0          0          0          0        168   fepilogue.o
        50          0          0          0          0         68   ffixi.o
        18          0          0          0          0         68   fflti.o
       100          0          0          0          0         76   fmul.o

    ----------------------------------------------------------------------
      1342         26          0          0          0       1460   Library Totals
         4          0          0          0          0          0   (incl. Padding)

    ----------------------------------------------------------------------

      Code (inc. data)   RO Data    RW Data    ZI Data      Debug   Library Name

       582         26          0          0          0        536   mc_w.l
       756          0          0          0          0        924   mf_w.l

    ----------------------------------------------------------------------
      1342         26          0          0          0       1460   Library Totals

    ----------------------------------------------------------------------

==============================================================================


      Code (inc. data)   RO Data    RW Data    ZI Data      Debug   

      5760        538        268         36       1028     657237   Grand Totals
      5760        538        268         36       1028     657237   ELF Image Totals
      5760        538        268         36          0          0   ROM Totals

==============================================================================

    Total RO  Size (Code + RO Data)                 6028 (   5.89kB)
    Total RW  Size (RW Data + ZI Data)              1064 (   1.04kB)
    Total ROM Size (Code + RO Data + RW Data)       6064 (   5.92kB)

==============================================================================

